Component: ARM Compiler 5.05 update 1 (build 106) Tool: armlink [4d0efa]

==============================================================================

Section Cross References

    main.o(i.CPU_CACHE_Enable) refers to main.o(i.SCB_EnableDCache) for SCB_EnableDCache
    main.o(i.SystemClock_Config) refers to stm32f7xx_hal_rcc.o(i.HAL_RCC_OscConfig) for HAL_RCC_OscConfig
    main.o(i.SystemClock_Config) refers to stm32f7xx_hal_rcc.o(i.HAL_RCC_ClockConfig) for HAL_RCC_ClockConfig
    main.o(i.Task_INIT) refers to tasks.o(i.xTaskGenericCreate) for xTaskGenericCreate
    main.o(i.Task_INIT) refers to tasks.o(i.vTaskDelete) for vTaskDelete
    main.o(i.Task_INIT) refers to main.o(i.Task_LCD) for Task_LCD
    main.o(i.Task_INIT) refers to main.o(i.Task_LED) for Task_LED
    main.o(i.Task_LCD) refers to stm32746g_discovery_lcd.o(i.BSP_LCD_Init) for BSP_LCD_Init
    main.o(i.Task_LCD) refers to stm32746g_discovery_lcd.o(i.BSP_LCD_LayerDefaultInit) for BSP_LCD_LayerDefaultInit
    main.o(i.Task_LCD) refers to stm32746g_discovery_lcd.o(i.BSP_LCD_SelectLayer) for BSP_LCD_SelectLayer
    main.o(i.Task_LCD) refers to stm32746g_discovery_lcd.o(i.BSP_LCD_SetFont) for BSP_LCD_SetFont
    main.o(i.Task_LCD) refers to stm32746g_discovery_lcd.o(i.BSP_LCD_SetBackColor) for BSP_LCD_SetBackColor
    main.o(i.Task_LCD) refers to stm32746g_discovery_lcd.o(i.BSP_LCD_Clear) for BSP_LCD_Clear
    main.o(i.Task_LCD) refers to stm32746g_discovery_lcd.o(i.BSP_LCD_SetTextColor) for BSP_LCD_SetTextColor
    main.o(i.Task_LCD) refers to stm32746g_discovery_lcd.o(i.BSP_LCD_DisplayStringAt) for BSP_LCD_DisplayStringAt
    main.o(i.Task_LCD) refers to tasks.o(i.vTaskDelete) for vTaskDelete
    main.o(i.Task_LCD) refers to stm32746g_discovery_lcd.o(.data) for Font24
    main.o(i.Task_LED) refers to stm32f7xx_hal_gpio.o(i.HAL_GPIO_Init) for HAL_GPIO_Init
    main.o(i.Task_LED) refers to stm32f7xx_hal_gpio.o(i.HAL_GPIO_WritePin) for HAL_GPIO_WritePin
    main.o(i.Task_LED) refers to tasks.o(i.vTaskDelay) for vTaskDelay
    main.o(i.main) refers to main.o(i.CPU_CACHE_Enable) for CPU_CACHE_Enable
    main.o(i.main) refers to stm32f7xx_hal.o(i.HAL_Init) for HAL_Init
    main.o(i.main) refers to main.o(i.SystemClock_Config) for SystemClock_Config
    main.o(i.main) refers to tasks.o(i.xTaskGenericCreate) for xTaskGenericCreate
    main.o(i.main) refers to tasks.o(i.vTaskStartScheduler) for vTaskStartScheduler
    main.o(i.main) refers to main.o(i.Task_INIT) for Task_INIT
    startup_stm32f746xx.o(STACK) refers (Special) to heapauxi.o(.text) for __use_two_region_memory
    startup_stm32f746xx.o(HEAP) refers (Special) to heapauxi.o(.text) for __use_two_region_memory
    startup_stm32f746xx.o(RESET) refers (Special) to heapauxi.o(.text) for __use_two_region_memory
    startup_stm32f746xx.o(RESET) refers to startup_stm32f746xx.o(STACK) for __initial_sp
    startup_stm32f746xx.o(RESET) refers to startup_stm32f746xx.o(.text) for Reset_Handler
    startup_stm32f746xx.o(RESET) refers to stm32f7xx_it.o(i.NMI_Handler) for NMI_Handler
    startup_stm32f746xx.o(RESET) refers to stm32f7xx_it.o(i.HardFault_Handler) for HardFault_Handler
    startup_stm32f746xx.o(RESET) refers to stm32f7xx_it.o(i.MemManage_Handler) for MemManage_Handler
    startup_stm32f746xx.o(RESET) refers to stm32f7xx_it.o(i.BusFault_Handler) for BusFault_Handler
    startup_stm32f746xx.o(RESET) refers to stm32f7xx_it.o(i.UsageFault_Handler) for UsageFault_Handler
    startup_stm32f746xx.o(RESET) refers to port.o(.emb_text) for SVC_Handler
    startup_stm32f746xx.o(RESET) refers to stm32f7xx_it.o(i.DebugMon_Handler) for DebugMon_Handler
    startup_stm32f746xx.o(RESET) refers to stm32f7xx_it.o(i.SysTick_Handler) for SysTick_Handler
    startup_stm32f746xx.o(.text) refers (Special) to heapauxi.o(.text) for __use_two_region_memory
    startup_stm32f746xx.o(.text) refers to system_stm32f7xx.o(i.SystemInit) for SystemInit
    startup_stm32f746xx.o(.text) refers to __main.o(!!!main) for __main
    startup_stm32f746xx.o(.text) refers to startup_stm32f746xx.o(HEAP) for Heap_Mem
    startup_stm32f746xx.o(.text) refers to startup_stm32f746xx.o(STACK) for Stack_Mem
    stm32f7xx_it.o(i.SysTick_Handler) refers to port.o(i.xPortSysTickHandler) for xPortSysTickHandler
    stm32f7xx_it.o(i.SysTick_Handler) refers to stm32f7xx_hal.o(i.HAL_IncTick) for HAL_IncTick
    system_stm32f7xx.o(i.SystemCoreClockUpdate) refers to system_stm32f7xx.o(.data) for SystemCoreClock
    event_groups.o(i.vEventGroupClearBitsCallback) refers to event_groups.o(i.xEventGroupClearBits) for xEventGroupClearBits
    event_groups.o(i.vEventGroupDelete) refers to tasks.o(i.vTaskSuspendAll) for vTaskSuspendAll
    event_groups.o(i.vEventGroupDelete) refers to tasks.o(i.xTaskRemoveFromUnorderedEventList) for xTaskRemoveFromUnorderedEventList
    event_groups.o(i.vEventGroupDelete) refers to heap_4.o(i.vPortFree) for vPortFree
    event_groups.o(i.vEventGroupDelete) refers to tasks.o(i.xTaskResumeAll) for xTaskResumeAll
[...]
    ..\\STM32F7xx_HAL_Driver\\Src\\stm32f7xx_hal_adc.c 0x00000000   Number         0  stm32f7xx_hal_adc.o ABSOLUTE
    ..\\STM32F7xx_HAL_Driver\\Src\\stm32f7xx_hal_adc_ex.c 0x00000000   Number         0  stm32f7xx_hal_adc_ex.o ABSOLUTE
    ..\\STM32F7xx_HAL_Driver\\Src\\stm32f7xx_hal_can.c 0x00000000   Number         0  stm32f7xx_hal_can.o ABSOLUTE
    ..\\STM32F7xx_HAL_Driver\\Src\\stm32f7xx_hal_cec.c 0x00000000   Number         0  stm32f7xx_hal_cec.o ABSOLUTE
    ..\\STM32F7xx_HAL_Driver\\Src\\stm32f7xx_hal_cortex.c 0x00000000   Number         0  stm32f7xx_hal_cortex.o ABSOLUTE
    ..\\STM32F7xx_HAL_Driver\\Src\\stm32f7xx_hal_crc.c 0x00000000   Number         0  stm32f7xx_hal_crc.o ABSOLUTE
    ..\\STM32F7xx_HAL_Driver\\Src\\stm32f7xx_hal_crc_ex.c 0x00000000   Number         0  stm32f7xx_hal_crc_ex.o ABSOLUTE
    ..\\STM32F7xx_HAL_Driver\\Src\\stm32f7xx_hal_cryp.c 0x00000000   Number         0  stm32f7xx_hal_cryp.o ABSOLUTE
    ..\\STM32F7xx_HAL_Driver\\Src\\stm32f7xx_hal_cryp_ex.c 0x00000000   Number         0  stm32f7xx_hal_cryp_ex.o ABSOLUTE
    ..\\STM32F7xx_HAL_Driver\\Src\\stm32f7xx_hal_dac.c 0x00000000   Number         0  stm32f7xx_hal_dac.o ABSOLUTE
    ..\\STM32F7xx_HAL_Driver\\Src\\stm32f7xx_hal_dac_ex.c 0x00000000   Number         0  stm32f7xx_hal_dac_ex.o ABSOLUTE
    ..\\STM32F7xx_HAL_Driver\\Src\\stm32f7xx_hal_dcmi.c 0x00000000   Number         0  stm32f7xx_hal_dcmi.o ABSOLUTE
    ..\\STM32F7xx_HAL_Driver\\Src\\stm32f7xx_hal_dcmi_ex.c 0x00000000   Number         0  stm32f7xx_hal_dcmi_ex.o ABSOLUTE
    ..\\STM32F7xx_HAL_Driver\\Src\\stm32f7xx_hal_dma.c 0x00000000   Number         0  stm32f7xx_hal_dma.o ABSOLUTE
    ..\\STM32F7xx_HAL_Driver\\Src\\stm32f7xx_hal_dma2d.c 0x00000000   Number         0  stm32f7xx_hal_dma2d.o ABSOLUTE
    ..\\STM32F7xx_HAL_Driver\\Src\\stm32f7xx_hal_dma_ex.c 0x00000000   Number         0  stm32f7xx_hal_dma_ex.o ABSOLUTE
    ..\\STM32F7xx_HAL_Driver\\Src\\stm32f7xx_hal_eth.c 0x00000000   Number         0  stm32f7xx_hal_eth.o ABSOLUTE
    ..\\STM32F7xx_HAL_Driver\\Src\\stm32f7xx_hal_flash.c 0x00000000   Number         0  stm32f7xx_hal_flash.o ABSOLUTE
    ..\\STM32F7xx_HAL_Driver\\Src\\stm32f7xx_hal_flash_ex.c 0x00000000   Number         0  stm32f7xx_hal_flash_ex.o ABSOLUTE
    ..\\STM32F7xx_HAL_Driver\\Src\\stm32f7xx_hal_gpio.c 0x00000000   Number         0  stm32f7xx_hal_gpio.o ABSOLUTE
    ..\\STM32F7xx_HAL_Driver\\Src\\stm32f7xx_hal_hash.c 0x00000000   Number         0  stm32f7xx_hal_hash.o ABSOLUTE
    ..\\STM32F7xx_HAL_Driver\\Src\\stm32f7xx_hal_hash_ex.c 0x00000000   Number         0  stm32f7xx_hal_hash_ex.o ABSOLUTE
    ..\\STM32F7xx_HAL_Driver\\Src\\stm32f7xx_hal_hcd.c 0x00000000   Number         0  stm32f7xx_hal_hcd.o ABSOLUTE
    ..\\STM32F7xx_HAL_Driver\\Src\\stm32f7xx_hal_i2c.c 0x00000000   Number         0  stm32f7xx_hal_i2c.o ABSOLUTE
    ..\\STM32F7xx_HAL_Driver\\Src\\stm32f7xx_hal_i2c_ex.c 0x00000000   Number         0  stm32f7xx_hal_i2c_ex.o ABSOLUTE
    ..\\STM32F7xx_HAL_Driver\\Src\\stm32f7xx_hal_i2s.c 0x00000000   Number         0  stm32f7xx_hal_i2s.o ABSOLUTE
    ..\\STM32F7xx_HAL_Driver\\Src\\stm32f7xx_hal_irda.c 0x00000000   Number         0  stm32f7xx_hal_irda.o ABSOLUTE
    ..\\STM32F7xx_HAL_Driver\\Src\\stm32f7xx_hal_iwdg.c 0x00000000   Number         0  stm32f7xx_hal_iwdg.o ABSOLUTE
    ..\\STM32F7xx_HAL_Driver\\Src\\stm32f7xx_hal_lptim.c 0x00000000   Number         0  stm32f7xx_hal_lptim.o ABSOLUTE
    ..\\STM32F7xx_HAL_Driver\\Src\\stm32f7xx_hal_ltdc.c 0x00000000   Number         0  stm32f7xx_hal_ltdc.o ABSOLUTE
    ..\\STM32F7xx_HAL_Driver\\Src\\stm32f7xx_hal_nand.c 0x00000000   Number         0  stm32f7xx_hal_nand.o ABSOLUTE
    ..\\STM32F7xx_HAL_Driver\\Src\\stm32f7xx_hal_nor.c 0x00000000   Number         0  stm32f7xx_hal_nor.o ABSOLUTE
    ..\\STM32F7xx_HAL_Driver\\Src\\stm32f7xx_hal_pcd.c 0x00000000   Number         0  stm32f7xx_hal_pcd.o ABSOLUTE
    ..\\STM32F7xx_HAL_Driver\\Src\\stm32f7xx_hal_pcd_ex.c 0x00000000   Number         0  stm32f7xx_hal_pcd_ex.o ABSOLUTE
    ..\\STM32F7xx_HAL_Driver\\Src\\stm32f7xx_hal_pwr.c 0x00000000   Number         0  stm32f7xx_hal_pwr.o ABSOLUTE
    ..\\STM32F7xx_HAL_Driver\\Src\\stm32f7xx_hal_pwr_ex.c 0x00000000   Number         0  stm32f7xx_hal_pwr_ex.o ABSOLUTE
    ..\\STM32F7xx_HAL_Driver\\Src\\stm32f7xx_hal_qspi.c 0x00000000   Number         0  stm32f7xx_hal_qspi.o ABSOLUTE
    ..\\STM32F7xx_HAL_Driver\\Src\\stm32f7xx_hal_rcc.c 0x00000000   Number         0  stm32f7xx_hal_rcc.o ABSOLUTE
    ..\\STM32F7xx_HAL_Driver\\Src\\stm32f7xx_hal_rcc_ex.c 0x00000000   Number         0  stm32f7xx_hal_rcc_ex.o ABSOLUTE
    ..\\STM32F7xx_HAL_Driver\\Src\\stm32f7xx_hal_rng.c 0x00000000   Number         0  stm32f7xx_hal_rng.o ABSOLUTE
    ..\\STM32F7xx_HAL_Driver\\Src\\stm32f7xx_hal_rtc.c 0x00000000   Number         0  stm32f7xx_hal_rtc.o ABSOLUTE
    ..\\STM32F7xx_HAL_Driver\\Src\\stm32f7xx_hal_rtc_ex.c 0x00000000   Number         0  stm32f7xx_hal_rtc_ex.o ABSOLUTE
    ..\\STM32F7xx_HAL_Driver\\Src\\stm32f7xx_hal_sai.c 0x00000000   Number         0  stm32f7xx_hal_sai.o ABSOLUTE
    ..\\STM32F7xx_HAL_Driver\\Src\\stm32f7xx_hal_sai_ex.c 0x00000000   Number         0  stm32f7xx_hal_sai_ex.o ABSOLUTE
    ..\\STM32F7xx_HAL_Driver\\Src\\stm32f7xx_hal_sd.c 0x00000000   Number         0  stm32f7xx_hal_sd.o ABSOLUTE
    ..\\STM32F7xx_HAL_Driver\\Src\\stm32f7xx_hal_sdram.c 0x00000000   Number         0  stm32f7xx_hal_sdram.o ABSOLUTE
    ..\\STM32F7xx_HAL_Driver\\Src\\stm32f7xx_hal_smartcard.c 0x00000000   Number         0  stm32f7xx_hal_smartcard.o ABSOLUTE
    ..\\STM32F7xx_HAL_Driver\\Src\\stm32f7xx_hal_smartcard_ex.c 0x00000000   Number         0  stm32f7xx_hal_smartcard_ex.o ABSOLUTE
    ..\\STM32F7xx_HAL_Driver\\Src\\stm32f7xx_hal_spdifrx.c 0x00000000   Number         0  stm32f7xx_hal_spdifrx.o ABSOLUTE
    ..\\STM32F7xx_HAL_Driver\\Src\\stm32f7xx_hal_spi.c 0x00000000   Number         0  stm32f7xx_hal_spi.o ABSOLUTE
    ..\\STM32F7xx_HAL_Driver\\Src\\stm32f7xx_hal_sram.c 0x00000000   Number         0  stm32f7xx_hal_sram.o ABSOLUTE
    ..\\STM32F7xx_HAL_Driver\\Src\\stm32f7xx_hal_tim.c 0x00000000   Number         0  stm32f7xx_hal_tim.o ABSOLUTE
    ..\\STM32F7xx_HAL_Driver\\Src\\stm32f7xx_hal_tim_ex.c 0x00000000   Number         0  stm32f7xx_hal_tim_ex.o ABSOLUTE
    ..\\STM32F7xx_HAL_Driver\\Src\\stm32f7xx_hal_uart.c 0x00000000   Number         0  stm32f7xx_hal_uart.o ABSOLUTE
    ..\\STM32F7xx_HAL_Driver\\Src\\stm32f7xx_hal_usart.c 0x00000000   Number         0  stm32f7xx_hal_usart.o ABSOLUTE
    ..\\STM32F7xx_HAL_Driver\\Src\\stm32f7xx_hal_wwdg.c 0x00000000   Number         0  stm32f7xx_hal_wwdg.o ABSOLUTE
    ..\\STM32F7xx_HAL_Driver\\Src\\stm32f7xx_ll_fmc.c 0x00000000   Number         0  stm32f7xx_ll_fmc.o ABSOLUTE
    ..\\STM32F7xx_HAL_Driver\\Src\\stm32f7xx_ll_sdmmc.c 0x00000000   Number         0  stm32f7xx_ll_sdmmc.o ABSOLUTE
    ..\\STM32F7xx_HAL_Driver\\Src\\stm32f7xx_ll_usb.c 0x00000000   Number         0  stm32f7xx_ll_usb.o ABSOLUTE
    ..\\stm32f7_discovery\\stm32746g_discovery.c 0x00000000   Number         0  stm32746g_discovery.o ABSOLUTE
    ..\\stm32f7_discovery\\stm32746g_discovery_lcd.c 0x00000000   Number         0  stm32746g_discovery_lcd.o ABSOLUTE
    ..\\stm32f7_discovery\\stm32746g_discovery_sdram.c 0x00000000   Number         0  stm32746g_discovery_sdram.o ABSOLUTE
    ..\\user\\main.c                         0x00000000   Number         0  main.o ABSOLUTE
    ..\\user\\stm32f7xx_hal_msp.c            0x00000000   Number         0  stm32f7xx_hal_msp.o ABSOLUTE
    ..\\user\\stm32f7xx_it.c                 0x00000000   Number         0  stm32f7xx_it.o ABSOLUTE
    ..\\user\\system_stm32f7xx.c             0x00000000   Number         0  system_stm32f7xx.o ABSOLUTE
    ..\stm32f7_discovery\stm32746g_discovery.c 0x00000000   Number         0  stm32746g_discovery.o ABSOLUTE
    ..\stm32f7_discovery\stm32746g_discovery_lcd.c 0x00000000   Number         0  stm32746g_discovery_lcd.o ABSOLUTE
    ..\stm32f7_discovery\stm32746g_discovery_sdram.c 0x00000000   Number         0  stm32746g_discovery_sdram.o ABSOLUTE
    ..\user\main.c                           0x00000000   Number         0  main.o ABSOLUTE
    ..\user\startup_stm32f746xx.s            0x00000000   Number         0  startup_stm32f746xx.o ABSOLUTE
    ..\user\stm32f7xx_hal_msp.c              0x00000000   Number         0  stm32f7xx_hal_msp.o ABSOLUTE
    ..\user\stm32f7xx_it.c                   0x00000000   Number         0  stm32f7xx_it.o ABSOLUTE
    ..\user\system_stm32f7xx.c               0x00000000   Number         0  system_stm32f7xx.o ABSOLUTE
    dc.s                                     0x00000000   Number         0  dc.o ABSOLUTE
    RESET                                    0x08000000   Section      456  startup_stm32f746xx.o(RESET)
    !!!main                                  0x080001c8   Section        8  __main.o(!!!main)
    !!!scatter                               0x080001d0   Section       52  __scatter.o(!!!scatter)
    !!dczerorl                               0x08000204   Section       58  __dczerorl.o(!!dczerorl)
    !!handler_copy                           0x08000240   Section       26  __scatter_copy.o(!!handler_copy)
    !!handler_zi                             0x0800025c   Section       28  __scatter_zi.o(!!handler_zi)
    .ARM.Collect$$libinit$$00000000          0x08000278   Section        2  libinit.o(.ARM.Collect$$libinit$$00000000)
    .ARM.Collect$$libinit$$00000001          0x0800027a   Section        4  libinit2.o(.ARM.Collect$$libinit$$00000001)
    .ARM.Collect$$libinit$$00000004          0x0800027e   Section        0  libinit2.o(.ARM.Collect$$libinit$$00000004)
    .ARM.Collect$$libinit$$0000000A          0x0800027e   Section        0  libinit2.o(.ARM.Collect$$libinit$$0000000A)
    .ARM.Collect$$libinit$$0000000C          0x0800027e   Section        0  libinit2.o(.ARM.Collect$$libinit$$0000000C)
    .ARM.Collect$$libinit$$0000000E          0x0800027e   Section        0  libinit2.o(.ARM.Collect$$libinit$$0000000E)
    .ARM.Collect$$libinit$$00000011          0x0800027e   Section        0  libinit2.o(.ARM.Collect$$libinit$$00000011)
    .ARM.Collect$$libinit$$00000013          0x0800027e   Section        0  libinit2.o(.ARM.Collect$$libinit$$00000013)
    .ARM.Collect$$libinit$$00000015          0x0800027e   Section        0  libinit2.o(.ARM.Collect$$libinit$$00000015)
    .ARM.Collect$$libinit$$00000017          0x0800027e   Section        0  libinit2.o(.ARM.Collect$$libinit$$00000017)
    .ARM.Collect$$libinit$$00000019          0x0800027e   Section        0  libinit2.o(.ARM.Collect$$libinit$$00000019)
    .ARM.Collect$$libinit$$0000001B          0x0800027e   Section        0  libinit2.o(.ARM.Collect$$libinit$$0000001B)
    .ARM.Collect$$libinit$$0000001D          0x0800027e   Section        0  libinit2.o(.ARM.Collect$$libinit$$0000001D)
    .ARM.Collect$$libinit$$0000001F          0x0800027e   Section        0  libinit2.o(.ARM.Collect$$libinit$$0000001F)
    .ARM.Collect$$libinit$$00000021          0x0800027e   Section        0  libinit2.o(.ARM.Collect$$libinit$$00000021)
    .ARM.Collect$$libinit$$00000023          0x0800027e   Section        0  libinit2.o(.ARM.Collect$$libinit$$00000023)
    .ARM.Collect$$libinit$$00000025          0x0800027e   Section        0  libinit2.o(.ARM.Collect$$libinit$$00000025)
    .ARM.Collect$$libinit$$0000002C          0x0800027e   Section        0  libinit2.o(.ARM.Collect$$libinit$$0000002C)
    .ARM.Collect$$libinit$$0000002E          0x0800027e   Section        0  libinit2.o(.ARM.Collect$$libinit$$0000002E)
    .ARM.Collect$$libinit$$00000030          0x0800027e   Section        0  libinit2.o(.ARM.Collect$$libinit$$00000030)
    .ARM.Collect$$libinit$$00000032          0x0800027e   Section        0  libinit2.o(.ARM.Collect$$libinit$$00000032)
    .ARM.Collect$$libinit$$00000033          0x0800027e   Section        2  libinit2.o(.ARM.Collect$$libinit$$00000033)
    .ARM.Collect$$libshutdown$$00000000      0x08000280   Section        2  libshutdown.o(.ARM.Collect$$libshutdown$$00000000)
    .ARM.Collect$$libshutdown$$00000003      0x08000282   Section        0  libshutdown2.o(.ARM.Collect$$libshutdown$$00000003)
    .ARM.Collect$$libshutdown$$00000006      0x08000282   Section        0  libshutdown2.o(.ARM.Collect$$libshutdown$$00000006)
    .ARM.Collect$$libshutdown$$00000009      0x08000282   Section        0  libshutdown2.o(.ARM.Collect$$libshutdown$$00000009)
    .ARM.Collect$$libshutdown$$0000000B      0x08000282   Section        0  libshutdown2.o(.ARM.Collect$$libshutdown$$0000000B)
    .ARM.Collect$$libshutdown$$0000000E      0x08000282   Section        0  libshutdown2.o(.ARM.Collect$$libshutdown$$0000000E)
    .ARM.Collect$$libshutdown$$0000000F      0x08000282   Section        2  libshutdown2.o(.ARM.Collect$$libshutdown$$0000000F)
    .ARM.Collect$$rtentry$$00000000          0x08000284   Section        0  __rtentry.o(.ARM.Collect$$rtentry$$00000000)
    .ARM.Collect$$rtentry$$00000002          0x08000284   Section        0  __rtentry2.o(.ARM.Collect$$rtentry$$00000002)
    .ARM.Collect$$rtentry$$00000004          0x08000284   Section        6  __rtentry4.o(.ARM.Collect$$rtentry$$00000004)
    .ARM.Collect$$rtentry$$00000009          0x0800028a   Section        0  __rtentry2.o(.ARM.Collect$$rtentry$$00000009)
    .ARM.Collect$$rtentry$$0000000A          0x0800028a   Section        4  __rtentry2.o(.ARM.Collect$$rtentry$$0000000A)
    .ARM.Collect$$rtentry$$0000000C          0x0800028e   Section        0  __rtentry2.o(.ARM.Collect$$rtentry$$0000000C)
    .ARM.Collect$$rtentry$$0000000D          0x0800028e   Section        8  __rtentry2.o(.ARM.Collect$$rtentry$$0000000D)
    .ARM.Collect$$rtexit$$00000000           0x08000296   Section        2  rtexit.o(.ARM.Collect$$rtexit$$00000000)
    .ARM.Collect$$rtexit$$00000002           0x08000298   Section        0  rtexit2.o(.ARM.Collect$$rtexit$$00000002)
    .ARM.Collect$$rtexit$$00000003           0x08000298   Section        4  rtexit2.o(.ARM.Collect$$rtexit$$00000003)
    .ARM.Collect$$rtexit$$00000004           0x0800029c   Section        6  rtexit2.o(.ARM.Collect$$rtexit$$00000004)
    .emb_text                                0x080002a4   Section      186  port.o(.emb_text)
    $v0                                      0x080002a4   Number         0  port.o(.emb_text)
    .text                                    0x08000360   Section       64  startup_stm32f746xx.o(.text)
    $v0                                      0x08000360   Number         0  startup_stm32f746xx.o(.text)
    .text                                    0x080003a0   Section      100  rt_memcpy_w.o(.text)
    .text                                    0x08000404   Section        0  heapauxi.o(.text)
    .text                                    0x0800040a   Section       74  sys_stackheap_outer.o(.text)
    .text                                    0x08000454   Section        0  exit.o(.text)
    .text                                    0x08000460   Section        8  libspace.o(.text)
    .text                                    0x08000468   Section        0  sys_exit.o(.text)
    .text                                    0x08000474   Section        2  use_no_semi.o(.text)
    .text                                    0x08000476   Section        0  indicate_semi.o(.text)
    i.BSP_LCD_Clear                          0x08000478   Section        0  stm32746g_discovery_lcd.o(i.BSP_LCD_Clear)
    i.BSP_LCD_ClockConfig                    0x080004b8   Section        0  stm32746g_discovery_lcd.o(i.BSP_LCD_ClockConfig)
    i.BSP_LCD_DisplayChar                    0x080004e4   Section        0  stm32746g_discovery_lcd.o(i.BSP_LCD_DisplayChar)
    i.BSP_LCD_DisplayStringAt                0x0800054c   Section        0  stm32746g_discovery_lcd.o(i.BSP_LCD_DisplayStringAt)
    i.BSP_LCD_DrawPixel                      0x08000674   Section        0  stm32746g_discovery_lcd.o(i.BSP_LCD_DrawPixel)
    i.BSP_LCD_GetXSize                       0x080006e0   Section        0  stm32746g_discovery_lcd.o(i.BSP_LCD_GetXSize)
    i.BSP_LCD_GetYSize                       0x08000700   Section        0  stm32746g_discovery_lcd.o(i.BSP_LCD_GetYSize)
    i.BSP_LCD_Init                           0x08000720   Section        0  stm32746g_discovery_lcd.o(i.BSP_LCD_Init)
    i.BSP_LCD_LayerDefaultInit               0x080007d0   Section        0  stm32746g_discovery_lcd.o(i.BSP_LCD_LayerDefaultInit)
    i.BSP_LCD_MspInit                        0x08000860   Section        0  stm32746g_discovery_lcd.o(i.BSP_LCD_MspInit)
    i.BSP_LCD_SelectLayer                    0x08000a30   Section        0  stm32746g_discovery_lcd.o(i.BSP_LCD_SelectLayer)
    i.BSP_LCD_SetBackColor                   0x08000a3c   Section        0  stm32746g_discovery_lcd.o(i.BSP_LCD_SetBackColor)
    i.BSP_LCD_SetFont                        0x08000a58   Section        0  stm32746g_discovery_lcd.o(i.BSP_LCD_SetFont)
    i.BSP_LCD_SetTextColor                   0x08000a74   Section        0  stm32746g_discovery_lcd.o(i.BSP_LCD_SetTextColor)
    i.BSP_SDRAM_Init                         0x08000a8c   Section        0  stm32746g_discovery_sdram.o(i.BSP_SDRAM_Init)
    i.BSP_SDRAM_Initialization_sequence      0x08000b18   Section        0  stm32746g_discovery_sdram.o(i.BSP_SDRAM_Initialization_sequence)
    i.BSP_SDRAM_MspInit                      0x08000bb0   Section        0  stm32746g_discovery_sdram.o(i.BSP_SDRAM_MspInit)
    i.BusFault_Handler                       0x08000d98   Section        0  stm32f7xx_it.o(i.BusFault_Handler)
    i.CPU_CACHE_Enable                       0x08000d9c   Section        0  main.o(i.CPU_CACHE_Enable)
    CPU_CACHE_Enable                         0x08000d9d   Thumb Code    46  main.o(i.CPU_CACHE_Enable)
    i.DMA2D_SetConfig                        0x08000dd4   Section        0  stm32f7xx_hal_dma2d.o(i.DMA2D_SetConfig)
    DMA2D_SetConfig                          0x08000dd5   Thumb Code   230  stm32f7xx_hal_dma2d.o(i.DMA2D_SetConfig)
    i.DMA_CalcBaseAndBitshift                0x08000ebc   Section        0  stm32f7xx_hal_dma.o(i.DMA_CalcBaseAndBitshift)
    DMA_CalcBaseAndBitshift                  0x08000ebd   Thumb Code    46  stm32f7xx_hal_dma.o(i.DMA_CalcBaseAndBitshift)
    i.DebugMon_Handler                       0x08000ef0   Section        0  stm32f7xx_it.o(i.DebugMon_Handler)
    i.DrawChar                               0x08000ef4   Section        0  stm32746g_discovery_lcd.o(i.DrawChar)
    DrawChar                                 0x08000ef5   Thumb Code   252  stm32746g_discovery_lcd.o(i.DrawChar)
    i.FMC_SDRAM_Init                         0x08000ff8   Section        0  stm32f7xx_ll_fmc.o(i.FMC_SDRAM_Init)
    i.FMC_SDRAM_ProgramRefreshRate           0x0800106c   Section        0  stm32f7xx_ll_fmc.o(i.FMC_SDRAM_ProgramRefreshRate)
    i.FMC_SDRAM_SendCommand                  0x0800107a   Section        0  stm32f7xx_ll_fmc.o(i.FMC_SDRAM_SendCommand)
    i.FMC_SDRAM_Timing_Init                  0x080010cc   Section        0  stm32f7xx_ll_fmc.o(i.FMC_SDRAM_Timing_Init)
    i.HAL_DMA2D_ConfigLayer                  0x08001164   Section        0  stm32f7xx_hal_dma2d.o(i.HAL_DMA2D_ConfigLayer)
    i.HAL_DMA2D_Init                         0x08001280   Section        0  stm32f7xx_hal_dma2d.o(i.HAL_DMA2D_Init)
    i.HAL_DMA2D_MspInit                      0x080012e2   Section        0  stm32f7xx_hal_dma2d.o(i.HAL_DMA2D_MspInit)
    i.HAL_DMA2D_PollForTransfer              0x080012e4   Section        0  stm32f7xx_hal_dma2d.o(i.HAL_DMA2D_PollForTransfer)
    i.HAL_DMA2D_Start                        0x080013ea   Section        0  stm32f7xx_hal_dma2d.o(i.HAL_DMA2D_Start)
    i.HAL_DMA_DeInit                         0x08001444   Section        0  stm32f7xx_hal_dma.o(i.HAL_DMA_DeInit)
    i.HAL_DMA_Init                           0x080014a8   Section        0  stm32f7xx_hal_dma.o(i.HAL_DMA_Init)
    i.HAL_Delay                              0x0800152c   Section        0  stm32f7xx_hal.o(i.HAL_Delay)
    i.HAL_GPIO_Init                          0x08001548   Section        0  stm32f7xx_hal_gpio.o(i.HAL_GPIO_Init)
    i.HAL_GPIO_WritePin                      0x08001764   Section        0  stm32f7xx_hal_gpio.o(i.HAL_GPIO_WritePin)
    i.HAL_GetTick                            0x08001770   Section        0  stm32f7xx_hal.o(i.HAL_GetTick)
    i.HAL_IncTick                            0x0800177c   Section        0  stm32f7xx_hal.o(i.HAL_IncTick)
    i.HAL_Init                               0x0800178c   Section        0  stm32f7xx_hal.o(i.HAL_Init)
    i.HAL_InitTick                           0x080017b4   Section        0  stm32f7xx_hal.o(i.HAL_InitTick)
    i.HAL_LTDC_ConfigLayer                   0x080017d8   Section        0  stm32f7xx_hal_ltdc.o(i.HAL_LTDC_ConfigLayer)
    i.HAL_LTDC_GetState                      0x08001836   Section        0  stm32f7xx_hal_ltdc.o(i.HAL_LTDC_GetState)
    i.HAL_LTDC_Init                          0x08001840   Section        0  stm32f7xx_hal_ltdc.o(i.HAL_LTDC_Init)
    i.HAL_LTDC_MspInit                       0x08001968   Section        0  stm32f7xx_hal_ltdc.o(i.HAL_LTDC_MspInit)
    i.HAL_MspInit                            0x0800196a   Section        0  stm32f7xx_hal_msp.o(i.HAL_MspInit)
    i.HAL_NVIC_EnableIRQ                     0x0800196c   Section        0  stm32f7xx_hal_cortex.o(i.HAL_NVIC_EnableIRQ)
    i.HAL_NVIC_SetPriority                   0x08001986   Section        0  stm32f7xx_hal_cortex.o(i.HAL_NVIC_SetPriority)
    i.HAL_NVIC_SetPriorityGrouping           0x08001a04   Section        0  stm32f7xx_hal_cortex.o(i.HAL_NVIC_SetPriorityGrouping)
    i.HAL_RCCEx_PeriphCLKConfig              0x08001a2c   Section        0  stm32f7xx_hal_rcc_ex.o(i.HAL_RCCEx_PeriphCLKConfig)
    i.HAL_RCC_ClockConfig                    0x08002344   Section        0  stm32f7xx_hal_rcc.o(i.HAL_RCC_ClockConfig)
    i.HAL_RCC_GetHCLKFreq                    0x080025ac   Section        0  stm32f7xx_hal_rcc.o(i.HAL_RCC_GetHCLKFreq)
    i.HAL_RCC_GetSysClockFreq                0x080025e4   Section        0  stm32f7xx_hal_rcc.o(i.HAL_RCC_GetSysClockFreq)
    i.HAL_RCC_OscConfig                      0x08002698   Section        0  stm32f7xx_hal_rcc.o(i.HAL_RCC_OscConfig)
    i.HAL_SDRAM_Init                         0x08002bec   Section        0  stm32f7xx_hal_sdram.o(i.HAL_SDRAM_Init)
    i.HAL_SDRAM_MspInit                      0x08002c2c   Section        0  stm32f7xx_hal_sdram.o(i.HAL_SDRAM_MspInit)
    i.HAL_SDRAM_ProgramRefreshRate           0x08002c2e   Section        0  stm32f7xx_hal_sdram.o(i.HAL_SDRAM_ProgramRefreshRate)
    i.HAL_SDRAM_SendCommand                  0x08002c56   Section        0  stm32f7xx_hal_sdram.o(i.HAL_SDRAM_SendCommand)
    i.HAL_SYSTICK_Config                     0x08002c90   Section        0  stm32f7xx_hal_cortex.o(i.HAL_SYSTICK_Config)
    i.HardFault_Handler                      0x08002cc4   Section        0  stm32f7xx_it.o(i.HardFault_Handler)
    i.LL_FillBuffer                          0x08002cc8   Section        0  stm32746g_discovery_lcd.o(i.LL_FillBuffer)
    LL_FillBuffer                            0x08002cc9   Thumb Code   120  stm32746g_discovery_lcd.o(i.LL_FillBuffer)
    i.LTDC_SetConfig                         0x08002d50   Section        0  stm32f7xx_hal_ltdc.o(i.LTDC_SetConfig)
    LTDC_SetConfig                           0x08002d51   Thumb Code   530  stm32f7xx_hal_ltdc.o(i.LTDC_SetConfig)
    i.MemManage_Handler                      0x08002f62   Section        0  stm32f7xx_it.o(i.MemManage_Handler)
    i.NMI_Handler                            0x08002f66   Section        0  stm32f7xx_it.o(i.NMI_Handler)
    i.NVIC_GetPriorityGrouping               0x08002f68   Section        0  stm32f7xx_hal_cortex.o(i.NVIC_GetPriorityGrouping)
    NVIC_GetPriorityGrouping                 0x08002f69   Thumb Code    10  stm32f7xx_hal_cortex.o(i.NVIC_GetPriorityGrouping)
    i.NVIC_SetPriority                       0x08002f78   Section        0  stm32f7xx_hal_cortex.o(i.NVIC_SetPriority)
    NVIC_SetPriority                         0x08002f79   Thumb Code    32  stm32f7xx_hal_cortex.o(i.NVIC_SetPriority)
    i.SCB_EnableDCache                       0x08002fa0   Section        0  main.o(i.SCB_EnableDCache)
    SCB_EnableDCache                         0x08002fa1   Thumb Code   100  main.o(i.SCB_EnableDCache)
    i.SysTick_Handler                        0x0800300c   Section        0  stm32f7xx_it.o(i.SysTick_Handler)
    i.SystemClock_Config                     0x08003018   Section        0  main.o(i.SystemClock_Config)
    SystemClock_Config                       0x08003019   Thumb Code    84  main.o(i.SystemClock_Config)
    i.SystemInit                             0x0800306c   Section        0  system_stm32f7xx.o(i.SystemInit)
    i.Task_INIT                              0x080030d0   Section        0  main.o(i.Task_INIT)
    i.Task_LCD                               0x0800311c   Section        0  main.o(i.Task_LCD)
    i.Task_LED                               0x080031a0   Section        0  main.o(i.Task_LED)
    i.UsageFault_Handler                     0x08003204   Section        0  stm32f7xx_it.o(i.UsageFault_Handler)
    i.main                                   0x08003208   Section        0  main.o(i.main)
    i.prvAddCurrentTaskToDelayedList         0x08003244   Section        0  tasks.o(i.prvAddCurrentTaskToDelayedList)
    prvAddCurrentTaskToDelayedList           0x08003245   Thumb Code    62  tasks.o(i.prvAddCurrentTaskToDelayedList)
    i.prvAllocateTCBAndStack                 0x08003298   Section        0  tasks.o(i.prvAllocateTCBAndStack)
    prvAllocateTCBAndStack                   0x08003299   Thumb Code    54  tasks.o(i.prvAllocateTCBAndStack)
    i.prvCheckTasksWaitingTermination        0x080032d0   Section        0  tasks.o(i.prvCheckTasksWaitingTermination)
    prvCheckTasksWaitingTermination          0x080032d1   Thumb Code    86  tasks.o(i.prvCheckTasksWaitingTermination)
    i.prvDeleteTCB                           0x08003334   Section        0  tasks.o(i.prvDeleteTCB)
    prvDeleteTCB                             0x08003335   Thumb Code    18  tasks.o(i.prvDeleteTCB)
    i.prvHeapInit                            0x08003348   Section        0  heap_4.o(i.prvHeapInit)
    prvHeapInit                              0x08003349   Thumb Code    98  heap_4.o(i.prvHeapInit)
    i.prvIdleTask                            0x080033c4   Section        0  tasks.o(i.prvIdleTask)
    prvIdleTask                              0x080033c5   Thumb Code    36  tasks.o(i.prvIdleTask)
    i.prvInitialiseTCBVariables              0x080033f0   Section        0  tasks.o(i.prvInitialiseTCBVariables)
    prvInitialiseTCBVariables                0x080033f1   Thumb Code    98  tasks.o(i.prvInitialiseTCBVariables)
    i.prvInitialiseTaskLists                 0x08003454   Section        0  tasks.o(i.prvInitialiseTaskLists)
    prvInitialiseTaskLists                   0x08003455   Thumb Code    70  tasks.o(i.prvInitialiseTaskLists)
    i.prvInsertBlockIntoFreeList             0x080034bc   Section        0  heap_4.o(i.prvInsertBlockIntoFreeList)
    prvInsertBlockIntoFreeList               0x080034bd   Thumb Code    96  heap_4.o(i.prvInsertBlockIntoFreeList)
    i.prvResetNextTaskUnblockTime            0x08003524   Section        0  tasks.o(i.prvResetNextTaskUnblockTime)
    prvResetNextTaskUnblockTime              0x08003525   Thumb Code    42  tasks.o(i.prvResetNextTaskUnblockTime)
    i.prvTaskExitError                       0x08003558   Section        0  port.o(i.prvTaskExitError)
    prvTaskExitError                         0x08003559   Thumb Code    68  port.o(i.prvTaskExitError)
    i.pvPortMalloc                           0x080035a0   Section        0  heap_4.o(i.pvPortMalloc)
    i.pxPortInitialiseStack                  0x080036e8   Section        0  port.o(i.pxPortInitialiseStack)
    i.uxListRemove                           0x08003710   Section        0  list.o(i.uxListRemove)
    i.vApplicationIdleHook                   0x08003738   Section        0  main.o(i.vApplicationIdleHook)
    i.vApplicationStackOverflowHook          0x0800373a   Section        0  main.o(i.vApplicationStackOverflowHook)
    i.vListInitialise                        0x0800373e   Section        0  list.o(i.vListInitialise)
    i.vListInitialiseItem                    0x08003758   Section        0  list.o(i.vListInitialiseItem)
    i.vListInsert                            0x0800375e   Section        0  list.o(i.vListInsert)
    i.vListInsertEnd                         0x08003792   Section        0  list.o(i.vListInsertEnd)
    i.vPortEnterCritical                     0x080037ac   Section        0  port.o(i.vPortEnterCritical)
    i.vPortExitCritical                      0x08003808   Section        0  port.o(i.vPortExitCritical)
    i.vPortFree                              0x08003848   Section        0  heap_4.o(i.vPortFree)
    i.vPortSetupTimerInterrupt               0x080038e4   Section        0  port.o(i.vPortSetupTimerInterrupt)
    i.vTaskDelay                             0x08003904   Section        0  tasks.o(i.vTaskDelay)
    i.vTaskDelete                            0x08003994   Section        0  tasks.o(i.vTaskDelete)
    i.vTaskStartScheduler                    0x08003a78   Section        0  tasks.o(i.vTaskStartScheduler)
    i.vTaskSuspendAll                        0x08003af0   Section        0  tasks.o(i.vTaskSuspendAll)
    i.vTaskSwitchContext                     0x08003b00   Section        0  tasks.o(i.vTaskSwitchContext)
    i.xPortStartScheduler                    0x08003bac   Section        0  port.o(i.xPortStartScheduler)
    i.xPortSysTickHandler                    0x08003c94   Section        0  port.o(i.xPortSysTickHandler)
    i.xTaskGenericCreate                     0x08003ccc   Section        0  tasks.o(i.xTaskGenericCreate)
    i.xTaskIncrementTick                     0x08003e44   Section        0  tasks.o(i.xTaskIncrementTick)
    i.xTaskResumeAll                         0x08003f94   Section        0  tasks.o(i.xTaskResumeAll)
    x$fpl$fpinit                             0x0800409c   Section       10  fpinit.o(x$fpl$fpinit)
    $v0                                      0x0800409c   Number         0  fpinit.o(x$fpl$fpinit)
    .constdata                               0x080040a6   Section    15580  stm32746g_discovery_lcd.o(.constdata)
    .constdata                               0x08007d82   Section       16  stm32f7xx_hal_rcc.o(.constdata)
    .constdata                               0x08007d92   Section        8  stm32f7xx_hal_dma.o(.constdata)
    flagBitshiftOffset                       0x08007d92   Data           8  stm32f7xx_hal_dma.o(.constdata)
    .ccm                                     0x20000000   Section    65536  heap_4.o(.ccm)
    ucHeap                                   0x20000000   Data       65536  heap_4.o(.ccm)
    .data                                    0x20010000   Section       20  system_stm32f7xx.o(.data)
    .data                                    0x20010014   Section       56  tasks.o(.data)
    pxDelayedTaskList                        0x20010018   Data           4  tasks.o(.data)
    pxOverflowDelayedTaskList                0x2001001c   Data           4  tasks.o(.data)
    uxTasksDeleted                           0x20010020   Data           4  tasks.o(.data)
    uxCurrentNumberOfTasks                   0x20010024   Data           4  tasks.o(.data)
    xTickCount                               0x20010028   Data           4  tasks.o(.data)
    uxTopReadyPriority                       0x2001002c   Data           4  tasks.o(.data)
    xSchedulerRunning                        0x20010030   Data           4  tasks.o(.data)
    uxPendedTicks                            0x20010034   Data           4  tasks.o(.data)
    xYieldPending                            0x20010038   Data           4  tasks.o(.data)
    xNumOfOverflows                          0x2001003c   Data           4  tasks.o(.data)
    uxTaskNumber                             0x20010040   Data           4  tasks.o(.data)
    xNextTaskUnblockTime                     0x20010044   Data           4  tasks.o(.data)
    uxSchedulerSuspended                     0x20010048   Data           4  tasks.o(.data)
    .data                                    0x2001004c   Section       24  heap_4.o(.data)
    xStart                                   0x2001004c   Data           8  heap_4.o(.data)
    pxEnd                                    0x20010054   Data           4  heap_4.o(.data)
    xFreeBytesRemaining                      0x20010058   Data           4  heap_4.o(.data)
    xMinimumEverFreeBytesRemaining           0x2001005c   Data           4  heap_4.o(.data)
    xBlockAllocatedBit                       0x20010060   Data           4  heap_4.o(.data)
    .data                                    0x20010064   Section       12  port.o(.data)
    uxCriticalNesting                        0x20010064   Data           4  port.o(.data)
    ucMaxSysCallPriority                     0x20010068   Data           1  port.o(.data)
    ulMaxPRIGROUPValue                       0x2001006c   Data           4  port.o(.data)
    .data                                    0x20010070   Section       44  stm32746g_discovery_lcd.o(.data)
    ActiveLayer                              0x20010098   Data           4  stm32746g_discovery_lcd.o(.data)
    .data                                    0x2001009c   Section        2  stm32746g_discovery_sdram.o(.data)
    sdramstatus                              0x2001009c   Data           1  stm32746g_discovery_sdram.o(.data)
    sdramstatus                              0x2001009d   Data           1  stm32746g_discovery_sdram.o(.data)
    .data                                    0x200100a0   Section        4  stm32f7xx_hal.o(.data)
    uwTick                                   0x200100a0   Data           4  stm32f7xx_hal.o(.data)
    .bss                                     0x200100a4   Section      260  tasks.o(.bss)
    pxReadyTasksLists                        0x200100a4   Data         160  tasks.o(.bss)
    xDelayedTaskList1                        0x20010144   Data          20  tasks.o(.bss)
    xDelayedTaskList2                        0x20010158   Data          20  tasks.o(.bss)
    xPendingReadyList                        0x2001016c   Data          20  tasks.o(.bss)
    xTasksWaitingTermination                 0x20010180   Data          20  tasks.o(.bss)
    xSuspendedTaskList                       0x20010194   Data          20  tasks.o(.bss)
    .bss                                     0x200101a8   Section      388  stm32746g_discovery_lcd.o(.bss)
    hLtdcHandler                             0x200101a8   Data         168  stm32746g_discovery_lcd.o(.bss)
    hDma2dHandler                            0x20010250   Data          64  stm32746g_discovery_lcd.o(.bss)
    DrawProp                                 0x20010290   Data          24  stm32746g_discovery_lcd.o(.bss)
    periph_clk_init_struct                   0x200102a8   Data         132  stm32746g_discovery_lcd.o(.bss)
    .bss                                     0x2001032c   Section      272  stm32746g_discovery_sdram.o(.bss)
    sdramHandle                              0x2001032c   Data          52  stm32746g_discovery_sdram.o(.bss)
    Timing                                   0x20010360   Data          28  stm32746g_discovery_sdram.o(.bss)
    Command                                  0x2001037c   Data          16  stm32746g_discovery_sdram.o(.bss)
    dma_handle                               0x2001038c   Data          88  stm32746g_discovery_sdram.o(.bss)
    dma_handle                               0x200103e4   Data          88  stm32746g_discovery_sdram.o(.bss)
    .bss                                     0x2001043c   Section       96  libspace.o(.bss)
    HEAP                                     0x200104a0   Section      512  startup_stm32f746xx.o(HEAP)
    Heap_Mem                                 0x200104a0   Data         512  startup_stm32f746xx.o(HEAP)
    STACK                                    0x200106a0   Section     1024  startup_stm32f746xx.o(STACK)
    Stack_Mem                                0x200106a0   Data        1024  startup_stm32f746xx.o(STACK)
    __initial_sp                             0x20010aa0   Data           0  startup_stm32f746xx.o(STACK)

    Global Symbols

    Symbol Name                              Value     Ov Type        Size  Object(Section)

    BuildAttributes$$THM_ISAv4$E$P$D$K$B$S$7EM$VFPi3$EXTD16$VFPS$VFMA$PE$PLD8$A:L22UL41UL21$X:L11$S22US41US21$IEEE1$IW$USESV6$~STKCKD$USESV7$~SHL$OSPACE$ROPI$EBA8$UX$STANDARDLIB$REQ8$PRES8$EABIv2 0x00000000   Number         0  anon$$obj.o ABSOLUTE
    __ARM_use_no_argv                        0x00000000   Number         0  main.o ABSOLUTE
    __ARM_exceptions_init                     - Undefined Weak Reference
    __alloca_initialize                       - Undefined Weak Reference
    __arm_preinit_                            - Undefined Weak Reference
    __cpp_initialize__aeabi_                  - Undefined Weak Reference
    __cxa_finalize                            - Undefined Weak Reference
    __rt_locale                               - Undefined Weak Reference
    __sigvec_lookup                           - Undefined Weak Reference
    _atexit_init                              - Undefined Weak Reference
    _call_atexit_fns                          - Undefined Weak Reference
    _clock_init                               - Undefined Weak Reference
    _fp_trap_init                             - Undefined Weak Reference
    _fp_trap_shutdown                         - Undefined Weak Reference
    _get_lc_collate                           - Undefined Weak Reference
    _get_lc_ctype                             - Undefined Weak Reference
    _get_lc_monetary                          - Undefined Weak Reference
    _get_lc_numeric                           - Undefined Weak Reference
    _get_lc_time                              - Undefined Weak Reference
    _getenv_init                              - Undefined Weak Reference
    _handle_redirection                       - Undefined Weak Reference
    _init_alloc                               - Undefined Weak Reference
    _init_user_alloc                          - Undefined Weak Reference
    _initio                                   - Undefined Weak Reference
    _rand_init                                - Undefined Weak Reference
    _signal_finish                            - Undefined Weak Reference
    _signal_init                              - Undefined Weak Reference
    _terminate_alloc                          - Undefined Weak Reference
    _terminate_user_alloc                     - Undefined Weak Reference
    _terminateio                              - Undefined Weak Reference
    __Vectors_Size                           0x000001c8   Number         0  startup_stm32f746xx.o ABSOLUTE
    __Vectors                                0x08000000   Data           4  startup_stm32f746xx.o(RESET)
    __Vectors_End                            0x080001c8   Data           0  startup_stm32f746xx.o(RESET)
    __main                                   0x080001c9   Thumb Code     8  __main.o(!!!main)
    __scatterload                            0x080001d1   Thumb Code     0  __scatter.o(!!!scatter)
    __scatterload_rt2                        0x080001d1   Thumb Code    44  __scatter.o(!!!scatter)
    __scatterload_rt2_thumb_only             0x080001d1   Thumb Code     0  __scatter.o(!!!scatter)
    __scatterload_null                       0x080001df   Thumb Code     0  __scatter.o(!!!scatter)
    __decompress                             0x08000205   Thumb Code    58  __dczerorl.o(!!dczerorl)
    __decompress0                            0x08000205   Thumb Code     0  __dczerorl.o(!!dczerorl)
    __scatterload_copy                       0x08000241   Thumb Code    26  __scatter_copy.o(!!handler_copy)
    __scatterload_zeroinit                   0x0800025d   Thumb Code    28  __scatter_zi.o(!!handler_zi)
    __rt_lib_init                            0x08000279   Thumb Code     0  libinit.o(.ARM.Collect$$libinit$$00000000)
    __rt_lib_init_fp_1                       0x0800027b   Thumb Code     0  libinit2.o(.ARM.Collect$$libinit$$00000001)
    __rt_lib_init_alloca_1                   0x0800027f   Thumb Code     0  libinit2.o(.ARM.Collect$$libinit$$0000002E)
    __rt_lib_init_argv_1                     0x0800027f   Thumb Code     0  libinit2.o(.ARM.Collect$$libinit$$0000002C)
    __rt_lib_init_atexit_1                   0x0800027f   Thumb Code     0  libinit2.o(.ARM.Collect$$libinit$$0000001B)
    __rt_lib_init_clock_1                    0x0800027f   Thumb Code     0  libinit2.o(.ARM.Collect$$libinit$$00000021)
    __rt_lib_init_cpp_1                      0x0800027f   Thumb Code     0  libinit2.o(.ARM.Collect$$libinit$$00000032)
    __rt_lib_init_exceptions_1               0x0800027f   Thumb Code     0  libinit2.o(.ARM.Collect$$libinit$$00000030)
    __rt_lib_init_fp_trap_1                  0x0800027f   Thumb Code     0  libinit2.o(.ARM.Collect$$libinit$$0000001F)
    __rt_lib_init_getenv_1                   0x0800027f   Thumb Code     0  libinit2.o(.ARM.Collect$$libinit$$00000023)
    __rt_lib_init_heap_1                     0x0800027f   Thumb Code     0  libinit2.o(.ARM.Collect$$libinit$$0000000A)
    __rt_lib_init_lc_collate_1               0x0800027f   Thumb Code     0  libinit2.o(.ARM.Collect$$libinit$$00000011)
    __rt_lib_init_lc_ctype_1                 0x0800027f   Thumb Code     0  libinit2.o(.ARM.Collect$$libinit$$00000013)
    __rt_lib_init_lc_monetary_1              0x0800027f   Thumb Code     0  libinit2.o(.ARM.Collect$$libinit$$00000015)
    __rt_lib_init_lc_numeric_1               0x0800027f   Thumb Code     0  libinit2.o(.ARM.Collect$$libinit$$00000017)
    __rt_lib_init_lc_time_1                  0x0800027f   Thumb Code     0  libinit2.o(.ARM.Collect$$libinit$$00000019)
    __rt_lib_init_preinit_1                  0x0800027f   Thumb Code     0  libinit2.o(.ARM.Collect$$libinit$$00000004)
    __rt_lib_init_rand_1                     0x0800027f   Thumb Code     0  libinit2.o(.ARM.Collect$$libinit$$0000000E)
    __rt_lib_init_return                     0x0800027f   Thumb Code     0  libinit2.o(.ARM.Collect$$libinit$$00000033)
    __rt_lib_init_signal_1                   0x0800027f   Thumb Code     0  libinit2.o(.ARM.Collect$$libinit$$0000001D)
    __rt_lib_init_stdio_1                    0x0800027f   Thumb Code     0  libinit2.o(.ARM.Collect$$libinit$$00000025)
    __rt_lib_init_user_alloc_1               0x0800027f   Thumb Code     0  libinit2.o(.ARM.Collect$$libinit$$0000000C)
    __rt_lib_shutdown                        0x08000281   Thumb Code     0  libshutdown.o(.ARM.Collect$$libshutdown$$00000000)
    __rt_lib_shutdown_fp_trap_1              0x08000283   Thumb Code     0  libshutdown2.o(.ARM.Collect$$libshutdown$$00000006)
    __rt_lib_shutdown_heap_1                 0x08000283   Thumb Code     0  libshutdown2.o(.ARM.Collect$$libshutdown$$0000000E)
    __rt_lib_shutdown_return                 0x08000283   Thumb Code     0  libshutdown2.o(.ARM.Collect$$libshutdown$$0000000F)
    __rt_lib_shutdown_signal_1               0x08000283   Thumb Code     0  libshutdown2.o(.ARM.Collect$$libshutdown$$00000009)
    __rt_lib_shutdown_stdio_1                0x08000283   Thumb Code     0  libshutdown2.o(.ARM.Collect$$libshutdown$$00000003)
    __rt_lib_shutdown_user_alloc_1           0x08000283   Thumb Code     0  libshutdown2.o(.ARM.Collect$$libshutdown$$0000000B)
    __rt_entry                               0x08000285   Thumb Code     0  __rtentry.o(.ARM.Collect$$rtentry$$00000000)
    __rt_entry_presh_1                       0x08000285   Thumb Code     0  __rtentry2.o(.ARM.Collect$$rtentry$$00000002)
    __rt_entry_sh                            0x08000285   Thumb Code     0  __rtentry4.o(.ARM.Collect$$rtentry$$00000004)
    __rt_entry_li                            0x0800028b   Thumb Code     0  __rtentry2.o(.ARM.Collect$$rtentry$$0000000A)
    __rt_entry_postsh_1                      0x0800028b   Thumb Code     0  __rtentry2.o(.ARM.Collect$$rtentry$$00000009)
    __rt_entry_main                          0x0800028f   Thumb Code     0  __rtentry2.o(.ARM.Collect$$rtentry$$0000000D)
    __rt_entry_postli_1                      0x0800028f   Thumb Code     0  __rtentry2.o(.ARM.Collect$$rtentry$$0000000C)
    __rt_exit                                0x08000297   Thumb Code     0  rtexit.o(.ARM.Collect$$rtexit$$00000000)
    __rt_exit_ls                             0x08000299   Thumb Code     0  rtexit2.o(.ARM.Collect$$rtexit$$00000003)
    __rt_exit_prels_1                        0x08000299   Thumb Code     0  rtexit2.o(.ARM.Collect$$rtexit$$00000002)
    __rt_exit_exit                           0x0800029d   Thumb Code     0  rtexit2.o(.ARM.Collect$$rtexit$$00000004)
    SVC_Handler                              0x080002a5   Thumb Code    28  port.o(.emb_text)
    __asm___6_port_c_39a90d8d__prvStartFirstTask 0x080002c5   Thumb Code    28  port.o(.emb_text)
    __asm___6_port_c_39a90d8d__prvEnableVFP  0x080002e5   Thumb Code    16  port.o(.emb_text)
    PendSV_Handler                           0x080002f9   Thumb Code    92  port.o(.emb_text)
    vPortGetIPSR                             0x08000359   Thumb Code     6  port.o(.emb_text)
    Reset_Handler                            0x08000361   Thumb Code     8  startup_stm32f746xx.o(.text)
    ADC_IRQHandler                           0x0800037b   Thumb Code     0  startup_stm32f746xx.o(.text)
    CAN1_RX0_IRQHandler                      0x0800037b   Thumb Code     0  startup_stm32f746xx.o(.text)
    CAN1_RX1_IRQHandler                      0x0800037b   Thumb Code     0  startup_stm32f746xx.o(.text)
    CAN1_SCE_IRQHandler                      0x0800037b   Thumb Code     0  startup_stm32f746xx.o(.text)
    CAN1_TX_IRQHandler                       0x0800037b   Thumb Code     0  startup_stm32f746xx.o(.text)
    CAN2_RX0_IRQHandler                      0x0800037b   Thumb Code     0  startup_stm32f746xx.o(.text)
    CAN2_RX1_IRQHandler                      0x0800037b   Thumb Code     0  startup_stm32f746xx.o(.text)
    CAN2_SCE_IRQHandler                      0x0800037b   Thumb Code     0  startup_stm32f746xx.o(.text)
    CAN2_TX_IRQHandler                       0x0800037b   Thumb Code     0  startup_stm32f746xx.o(.text)
    CEC_IRQHandler                           0x0800037b   Thumb Code     0  startup_stm32f746xx.o(.text)
    DCMI_IRQHandler                          0x0800037b   Thumb Code     0  startup_stm32f746xx.o(.text)
    DMA1_Stream0_IRQHandler                  0x0800037b   Thumb Code     0  startup_stm32f746xx.o(.text)
    DMA1_Stream1_IRQHandler                  0x0800037b   Thumb Code     0  startup_stm32f746xx.o(.text)
    DMA1_Stream2_IRQHandler                  0x0800037b   Thumb Code     0  startup_stm32f746xx.o(.text)
    DMA1_Stream3_IRQHandler                  0x0800037b   Thumb Code     0  startup_stm32f746xx.o(.text)
    DMA1_Stream4_IRQHandler                  0x0800037b   Thumb Code     0  startup_stm32f746xx.o(.text)
    DMA1_Stream5_IRQHandler                  0x0800037b   Thumb Code     0  startup_stm32f746xx.o(.text)
    DMA1_Stream6_IRQHandler                  0x0800037b   Thumb Code     0  startup_stm32f746xx.o(.text)
    DMA1_Stream7_IRQHandler                  0x0800037b   Thumb Code     0  startup_stm32f746xx.o(.text)
    DMA2D_IRQHandler                         0x0800037b   Thumb Code     0  startup_stm32f746xx.o(.text)
    DMA2_Stream0_IRQHandler                  0x0800037b   Thumb Code     0  startup_stm32f746xx.o(.text)
    DMA2_Stream1_IRQHandler                  0x0800037b   Thumb Code     0  startup_stm32f746xx.o(.text)
    DMA2_Stream2_IRQHandler                  0x0800037b   Thumb Code     0  startup_stm32f746xx.o(.text)
    DMA2_Stream3_IRQHandler                  0x0800037b   Thumb Code     0  startup_stm32f746xx.o(.text)
    DMA2_Stream4_IRQHandler                  0x0800037b   Thumb Code     0  startup_stm32f746xx.o(.text)
    DMA2_Stream5_IRQHandler                  0x0800037b   Thumb Code     0  startup_stm32f746xx.o(.text)
    DMA2_Stream6_IRQHandler                  0x0800037b   Thumb Code     0  startup_stm32f746xx.o(.text)
    DMA2_Stream7_IRQHandler                  0x0800037b   Thumb Code     0  startup_stm32f746xx.o(.text)
    ETH_IRQHandler                           0x0800037b   Thumb Code     0  startup_stm32f746xx.o(.text)
    ETH_WKUP_IRQHandler                      0x0800037b   Thumb Code     0  startup_stm32f746xx.o(.text)
    EXTI0_IRQHandler                         0x0800037b   Thumb Code     0  startup_stm32f746xx.o(.text)
    EXTI15_10_IRQHandler                     0x0800037b   Thumb Code     0  startup_stm32f746xx.o(.text)
    EXTI1_IRQHandler                         0x0800037b   Thumb Code     0  startup_stm32f746xx.o(.text)
    EXTI2_IRQHandler                         0x0800037b   Thumb Code     0  startup_stm32f746xx.o(.text)
    EXTI3_IRQHandler                         0x0800037b   Thumb Code     0  startup_stm32f746xx.o(.text)
    EXTI4_IRQHandler                         0x0800037b   Thumb Code     0  startup_stm32f746xx.o(.text)
    EXTI9_5_IRQHandler                       0x0800037b   Thumb Code     0  startup_stm32f746xx.o(.text)
    FLASH_IRQHandler                         0x0800037b   Thumb Code     0  startup_stm32f746xx.o(.text)
    FMC_IRQHandler                           0x0800037b   Thumb Code     0  startup_stm32f746xx.o(.text)
    FPU_IRQHandler                           0x0800037b   Thumb Code     0  startup_stm32f746xx.o(.text)
    I2C1_ER_IRQHandler                       0x0800037b   Thumb Code     0  startup_stm32f746xx.o(.text)
    I2C1_EV_IRQHandler                       0x0800037b   Thumb Code     0  startup_stm32f746xx.o(.text)
    I2C2_ER_IRQHandler                       0x0800037b   Thumb Code     0  startup_stm32f746xx.o(.text)
    I2C2_EV_IRQHandler                       0x0800037b   Thumb Code     0  startup_stm32f746xx.o(.text)
    I2C3_ER_IRQHandler                       0x0800037b   Thumb Code     0  startup_stm32f746xx.o(.text)
    I2C3_EV_IRQHandler                       0x0800037b   Thumb Code     0  startup_stm32f746xx.o(.text)
    I2C4_ER_IRQHandler                       0x0800037b   Thumb Code     0  startup_stm32f746xx.o(.text)
    I2C4_EV_IRQHandler                       0x0800037b   Thumb Code     0  startup_stm32f746xx.o(.text)
    LPTIM1_IRQHandler                        0x0800037b   Thumb Code     0  startup_stm32f746xx.o(.text)
    LTDC_ER_IRQHandler                       0x0800037b   Thumb Code     0  startup_stm32f746xx.o(.text)
    LTDC_IRQHandler                          0x0800037b   Thumb Code     0  startup_stm32f746xx.o(.text)
    OTG_FS_IRQHandler                        0x0800037b   Thumb Code     0  startup_stm32f746xx.o(.text)
    OTG_FS_WKUP_IRQHandler                   0x0800037b   Thumb Code     0  startup_stm32f746xx.o(.text)
    OTG_HS_EP1_IN_IRQHandler                 0x0800037b   Thumb Code     0  startup_stm32f746xx.o(.text)
    OTG_HS_EP1_OUT_IRQHandler                0x0800037b   Thumb Code     0  startup_stm32f746xx.o(.text)
    OTG_HS_IRQHandler                        0x0800037b   Thumb Code     0  startup_stm32f746xx.o(.text)
    OTG_HS_WKUP_IRQHandler                   0x0800037b   Thumb Code     0  startup_stm32f746xx.o(.text)
    PVD_IRQHandler                           0x0800037b   Thumb Code     0  startup_stm32f746xx.o(.text)
    QUADSPI_IRQHandler                       0x0800037b   Thumb Code     0  startup_stm32f746xx.o(.text)
    RCC_IRQHandler                           0x0800037b   Thumb Code     0  startup_stm32f746xx.o(.text)
    RNG_IRQHandler                           0x0800037b   Thumb Code     0  startup_stm32f746xx.o(.text)
    RTC_Alarm_IRQHandler                     0x0800037b   Thumb Code     0  startup_stm32f746xx.o(.text)
    RTC_WKUP_IRQHandler                      0x0800037b   Thumb Code     0  startup_stm32f746xx.o(.text)
    SAI1_IRQHandler                          0x0800037b   Thumb Code     0  startup_stm32f746xx.o(.text)
    SAI2_IRQHandler                          0x0800037b   Thumb Code     0  startup_stm32f746xx.o(.text)
    SDMMC1_IRQHandler                        0x0800037b   Thumb Code     0  startup_stm32f746xx.o(.text)
    SPDIF_RX_IRQHandler                      0x0800037b   Thumb Code     0  startup_stm32f746xx.o(.text)
    SPI1_IRQHandler                          0x0800037b   Thumb Code     0  startup_stm32f746xx.o(.text)
    SPI2_IRQHandler                          0x0800037b   Thumb Code     0  startup_stm32f746xx.o(.text)
    SPI3_IRQHandler                          0x0800037b   Thumb Code     0  startup_stm32f746xx.o(.text)
    SPI4_IRQHandler                          0x0800037b   Thumb Code     0  startup_stm32f746xx.o(.text)
    SPI5_IRQHandler                          0x0800037b   Thumb Code     0  startup_stm32f746xx.o(.text)
    SPI6_IRQHandler                          0x0800037b   Thumb Code     0  startup_stm32f746xx.o(.text)
    TAMP_STAMP_IRQHandler                    0x0800037b   Thumb Code     0  startup_stm32f746xx.o(.text)
    TIM1_BRK_TIM9_IRQHandler                 0x0800037b   Thumb Code     0  startup_stm32f746xx.o(.text)
    TIM1_CC_IRQHandler                       0x0800037b   Thumb Code     0  startup_stm32f746xx.o(.text)
    TIM1_TRG_COM_TIM11_IRQHandler            0x0800037b   Thumb Code     0  startup_stm32f746xx.o(.text)
    TIM1_UP_TIM10_IRQHandler                 0x0800037b   Thumb Code     0  startup_stm32f746xx.o(.text)
    TIM2_IRQHandler                          0x0800037b   Thumb Code     0  startup_stm32f746xx.o(.text)
    TIM3_IRQHandler                          0x0800037b   Thumb Code     0  startup_stm32f746xx.o(.text)
    TIM4_IRQHandler                          0x0800037b   Thumb Code     0  startup_stm32f746xx.o(.text)
    TIM5_IRQHandler                          0x0800037b   Thumb Code     0  startup_stm32f746xx.o(.text)
    TIM6_DAC_IRQHandler                      0x0800037b   Thumb Code     0  startup_stm32f746xx.o(.text)
    TIM7_IRQHandler                          0x0800037b   Thumb Code     0  startup_stm32f746xx.o(.text)
    TIM8_BRK_TIM12_IRQHandler                0x0800037b   Thumb Code     0  startup_stm32f746xx.o(.text)
    TIM8_CC_IRQHandler                       0x0800037b   Thumb Code     0  startup_stm32f746xx.o(.text)
    TIM8_TRG_COM_TIM14_IRQHandler            0x0800037b   Thumb Code     0  startup_stm32f746xx.o(.text)
    TIM8_UP_TIM13_IRQHandler                 0x0800037b   Thumb Code     0  startup_stm32f746xx.o(.text)
    UART4_IRQHandler                         0x0800037b   Thumb Code     0  startup_stm32f746xx.o(.text)
    UART5_IRQHandler                         0x0800037b   Thumb Code     0  startup_stm32f746xx.o(.text)
    UART7_IRQHandler                         0x0800037b   Thumb Code     0  startup_stm32f746xx.o(.text)
    UART8_IRQHandler                         0x0800037b   Thumb Code     0  startup_stm32f746xx.o(.text)
    USART1_IRQHandler                        0x0800037b   Thumb Code     0  startup_stm32f746xx.o(.text)
    USART2_IRQHandler                        0x0800037b   Thumb Code     0  startup_stm32f746xx.o(.text)
    USART3_IRQHandler                        0x0800037b   Thumb Code     0  startup_stm32f746xx.o(.text)
    USART6_IRQHandler                        0x0800037b   Thumb Code     0  startup_stm32f746xx.o(.text)
    WWDG_IRQHandler                          0x0800037b   Thumb Code     0  startup_stm32f746xx.o(.text)
    __user_initial_stackheap                 0x0800037d   Thumb Code     0  startup_stm32f746xx.o(.text)
    __aeabi_memcpy4                          0x080003a1   Thumb Code     0  rt_memcpy_w.o(.text)
    __aeabi_memcpy8                          0x080003a1   Thumb Code     0  rt_memcpy_w.o(.text)
    __rt_memcpy_w                            0x080003a1   Thumb Code   100  rt_memcpy_w.o(.text)
    _memcpy_lastbytes_aligned                0x080003e9   Thumb Code     0  rt_memcpy_w.o(.text)
    __use_two_region_memory                  0x08000405   Thumb Code     2  heapauxi.o(.text)
    __rt_heap_escrow$2region                 0x08000407   Thumb Code     2  heapauxi.o(.text)
    __rt_heap_expand$2region                 0x08000409   Thumb Code     2  heapauxi.o(.text)
    __user_setup_stackheap                   0x0800040b   Thumb Code    74  sys_stackheap_outer.o(.text)
    exit                                     0x08000455   Thumb Code    12  exit.o(.text)
    __user_libspace                          0x08000461   Thumb Code     8  libspace.o(.text)
    __user_perproc_libspace                  0x08000461   Thumb Code     0  libspace.o(.text)
    __user_perthread_libspace                0x08000461   Thumb Code     0  libspace.o(.text)
    _sys_exit                                0x08000469   Thumb Code     8  sys_exit.o(.text)
    __I$use$semihosting                      0x08000475   Thumb Code     0  use_no_semi.o(.text)
    __use_no_semihosting_swi                 0x08000475   Thumb Code     2  use_no_semi.o(.text)
    __semihosting_library_function           0x08000477   Thumb Code     0  indicate_semi.o(.text)
    BSP_LCD_Clear                            0x08000479   Thumb Code    56  stm32746g_discovery_lcd.o(i.BSP_LCD_Clear)
    BSP_LCD_ClockConfig                      0x080004b9   Thumb Code    38  stm32746g_discovery_lcd.o(i.BSP_LCD_ClockConfig)
    BSP_LCD_DisplayChar                      0x080004e5   Thumb Code    96  stm32746g_discovery_lcd.o(i.BSP_LCD_DisplayChar)
    BSP_LCD_DisplayStringAt                  0x0800054d   Thumb Code   286  stm32746g_discovery_lcd.o(i.BSP_LCD_DisplayStringAt)
    BSP_LCD_DrawPixel                        0x08000675   Thumb Code    98  stm32746g_discovery_lcd.o(i.BSP_LCD_DrawPixel)
    BSP_LCD_GetXSize                         0x080006e1   Thumb Code    22  stm32746g_discovery_lcd.o(i.BSP_LCD_GetXSize)
    BSP_LCD_GetYSize                         0x08000701   Thumb Code    22  stm32746g_discovery_lcd.o(i.BSP_LCD_GetYSize)
    BSP_LCD_Init                             0x08000721   Thumb Code   156  stm32746g_discovery_lcd.o(i.BSP_LCD_Init)
    BSP_LCD_LayerDefaultInit                 0x080007d1   Thumb Code   132  stm32746g_discovery_lcd.o(i.BSP_LCD_LayerDefaultInit)
    BSP_LCD_MspInit                          0x08000861   Thumb Code   438  stm32746g_discovery_lcd.o(i.BSP_LCD_MspInit)
    BSP_LCD_SelectLayer                      0x08000a31   Thumb Code     6  stm32746g_discovery_lcd.o(i.BSP_LCD_SelectLayer)
    BSP_LCD_SetBackColor                     0x08000a3d   Thumb Code    18  stm32746g_discovery_lcd.o(i.BSP_LCD_SetBackColor)
    BSP_LCD_SetFont                          0x08000a59   Thumb Code    18  stm32746g_discovery_lcd.o(i.BSP_LCD_SetFont)
    BSP_LCD_SetTextColor                     0x08000a75   Thumb Code    16  stm32746g_discovery_lcd.o(i.BSP_LCD_SetTextColor)
    BSP_SDRAM_Init                           0x08000a8d   Thumb Code   122  stm32746g_discovery_sdram.o(i.BSP_SDRAM_Init)
    BSP_SDRAM_Initialization_sequence        0x08000b19   Thumb Code   142  stm32746g_discovery_sdram.o(i.BSP_SDRAM_Initialization_sequence)
    BSP_SDRAM_MspInit                        0x08000bb1   Thumb Code   450  stm32746g_discovery_sdram.o(i.BSP_SDRAM_MspInit)
    BusFault_Handler                         0x08000d99   Thumb Code     4  stm32f7xx_it.o(i.BusFault_Handler)
    DebugMon_Handler                         0x08000ef1   Thumb Code     2  stm32f7xx_it.o(i.DebugMon_Handler)
    FMC_SDRAM_Init                           0x08000ff9   Thumb Code   116  stm32f7xx_ll_fmc.o(i.FMC_SDRAM_Init)
    FMC_SDRAM_ProgramRefreshRate             0x0800106d   Thumb Code    14  stm32f7xx_ll_fmc.o(i.FMC_SDRAM_ProgramRefreshRate)
    FMC_SDRAM_SendCommand                    0x0800107b   Thumb Code    82  stm32f7xx_ll_fmc.o(i.FMC_SDRAM_SendCommand)
    FMC_SDRAM_Timing_Init                    0x080010cd   Thumb Code   152  stm32f7xx_ll_fmc.o(i.FMC_SDRAM_Timing_Init)
    HAL_DMA2D_ConfigLayer                    0x08001165   Thumb Code   280  stm32f7xx_hal_dma2d.o(i.HAL_DMA2D_ConfigLayer)
    HAL_DMA2D_Init                           0x08001281   Thumb Code    98  stm32f7xx_hal_dma2d.o(i.HAL_DMA2D_Init)
    HAL_DMA2D_MspInit                        0x080012e3   Thumb Code     2  stm32f7xx_hal_dma2d.o(i.HAL_DMA2D_MspInit)
    HAL_DMA2D_PollForTransfer                0x080012e5   Thumb Code   262  stm32f7xx_hal_dma2d.o(i.HAL_DMA2D_PollForTransfer)
    HAL_DMA2D_Start                          0x080013eb   Thumb Code    90  stm32f7xx_hal_dma2d.o(i.HAL_DMA2D_Start)
    HAL_DMA_DeInit                           0x08001445   Thumb Code   100  stm32f7xx_hal_dma.o(i.HAL_DMA_DeInit)
    HAL_DMA_Init                             0x080014a9   Thumb Code   128  stm32f7xx_hal_dma.o(i.HAL_DMA_Init)
    HAL_Delay                                0x0800152d   Thumb Code    26  stm32f7xx_hal.o(i.HAL_Delay)
    HAL_GPIO_Init                            0x08001549   Thumb Code   488  stm32f7xx_hal_gpio.o(i.HAL_GPIO_Init)
    HAL_GPIO_WritePin                        0x08001765   Thumb Code    12  stm32f7xx_hal_gpio.o(i.HAL_GPIO_WritePin)
    HAL_GetTick                              0x08001771   Thumb Code     6  stm32f7xx_hal.o(i.HAL_GetTick)
    HAL_IncTick                              0x0800177d   Thumb Code    12  stm32f7xx_hal.o(i.HAL_IncTick)
    HAL_Init                                 0x0800178d   Thumb Code    34  stm32f7xx_hal.o(i.HAL_Init)
    HAL_InitTick                             0x080017b5   Thumb Code    36  stm32f7xx_hal.o(i.HAL_InitTick)
    HAL_LTDC_ConfigLayer                     0x080017d9   Thumb Code    94  stm32f7xx_hal_ltdc.o(i.HAL_LTDC_ConfigLayer)
    HAL_LTDC_GetState                        0x08001837   Thumb Code     8  stm32f7xx_hal_ltdc.o(i.HAL_LTDC_GetState)
    HAL_LTDC_Init                            0x08001841   Thumb Code   290  stm32f7xx_hal_ltdc.o(i.HAL_LTDC_Init)
    HAL_LTDC_MspInit                         0x08001969   Thumb Code     2  stm32f7xx_hal_ltdc.o(i.HAL_LTDC_MspInit)
    HAL_MspInit                              0x0800196b   Thumb Code     2  stm32f7xx_hal_msp.o(i.HAL_MspInit)
    HAL_NVIC_EnableIRQ                       0x0800196d   Thumb Code    26  stm32f7xx_hal_cortex.o(i.HAL_NVIC_EnableIRQ)
    HAL_NVIC_SetPriority                     0x08001987   Thumb Code   124  stm32f7xx_hal_cortex.o(i.HAL_NVIC_SetPriority)
    HAL_NVIC_SetPriorityGrouping             0x08001a05   Thumb Code    32  stm32f7xx_hal_cortex.o(i.HAL_NVIC_SetPriorityGrouping)
    HAL_RCCEx_PeriphCLKConfig                0x08001a2d   Thumb Code  2322  stm32f7xx_hal_rcc_ex.o(i.HAL_RCCEx_PeriphCLKConfig)
    HAL_RCC_ClockConfig                      0x08002345   Thumb Code   608  stm32f7xx_hal_rcc.o(i.HAL_RCC_ClockConfig)
    HAL_RCC_GetHCLKFreq                      0x080025ad   Thumb Code    42  stm32f7xx_hal_rcc.o(i.HAL_RCC_GetHCLKFreq)
    HAL_RCC_GetSysClockFreq                  0x080025e5   Thumb Code   168  stm32f7xx_hal_rcc.o(i.HAL_RCC_GetSysClockFreq)
    HAL_RCC_OscConfig                        0x08002699   Thumb Code  1360  stm32f7xx_hal_rcc.o(i.HAL_RCC_OscConfig)
    HAL_SDRAM_Init                           0x08002bed   Thumb Code    64  stm32f7xx_hal_sdram.o(i.HAL_SDRAM_Init)
    HAL_SDRAM_MspInit                        0x08002c2d   Thumb Code     2  stm32f7xx_hal_sdram.o(i.HAL_SDRAM_MspInit)
    HAL_SDRAM_ProgramRefreshRate             0x08002c2f   Thumb Code    40  stm32f7xx_hal_sdram.o(i.HAL_SDRAM_ProgramRefreshRate)
    HAL_SDRAM_SendCommand                    0x08002c57   Thumb Code    58  stm32f7xx_hal_sdram.o(i.HAL_SDRAM_SendCommand)
    HAL_SYSTICK_Config                       0x08002c91   Thumb Code    52  stm32f7xx_hal_cortex.o(i.HAL_SYSTICK_Config)
    HardFault_Handler                        0x08002cc5   Thumb Code     4  stm32f7xx_it.o(i.HardFault_Handler)
    MemManage_Handler                        0x08002f63   Thumb Code     4  stm32f7xx_it.o(i.MemManage_Handler)
    NMI_Handler                              0x08002f67   Thumb Code     2  stm32f7xx_it.o(i.NMI_Handler)
    SysTick_Handler                          0x0800300d   Thumb Code    12  stm32f7xx_it.o(i.SysTick_Handler)
    SystemInit                               0x0800306d   Thumb Code    82  system_stm32f7xx.o(i.SystemInit)
    Task_INIT                                0x080030d1   Thumb Code    60  main.o(i.Task_INIT)
    Task_LCD                                 0x0800311d   Thumb Code    84  main.o(i.Task_LCD)
    Task_LED                                 0x080031a1   Thumb Code    92  main.o(i.Task_LED)
    UsageFault_Handler                       0x08003205   Thumb Code     4  stm32f7xx_it.o(i.UsageFault_Handler)
    main                                     0x08003209   Thumb Code    46  main.o(i.main)
    pvPortMalloc                             0x080035a1   Thumb Code   308  heap_4.o(i.pvPortMalloc)
    pxPortInitialiseStack                    0x080036e9   Thumb Code    34  port.o(i.pxPortInitialiseStack)
    uxListRemove                             0x08003711   Thumb Code    40  list.o(i.uxListRemove)
    vApplicationIdleHook                     0x08003739   Thumb Code     2  main.o(i.vApplicationIdleHook)
    vApplicationStackOverflowHook            0x0800373b   Thumb Code     4  main.o(i.vApplicationStackOverflowHook)
    vListInitialise                          0x0800373f   Thumb Code    26  list.o(i.vListInitialise)
    vListInitialiseItem                      0x08003759   Thumb Code     6  list.o(i.vListInitialiseItem)
    vListInsert                              0x0800375f   Thumb Code    52  list.o(i.vListInsert)
    vListInsertEnd                           0x08003793   Thumb Code    24  list.o(i.vListInsertEnd)
    vPortEnterCritical                       0x080037ad   Thumb Code    84  port.o(i.vPortEnterCritical)
    vPortExitCritical                        0x08003809   Thumb Code    60  port.o(i.vPortExitCritical)
    vPortFree                                0x08003849   Thumb Code   148  heap_4.o(i.vPortFree)
    vPortSetupTimerInterrupt                 0x080038e5   Thumb Code    26  port.o(i.vPortSetupTimerInterrupt)
    vTaskDelay                               0x08003905   Thumb Code   124  tasks.o(i.vTaskDelay)
    vTaskDelete                              0x08003995   Thumb Code   190  tasks.o(i.vTaskDelete)
    vTaskStartScheduler                      0x08003a79   Thumb Code   100  tasks.o(i.vTaskStartScheduler)
    vTaskSuspendAll                          0x08003af1   Thumb Code    12  tasks.o(i.vTaskSuspendAll)
    vTaskSwitchContext                       0x08003b01   Thumb Code   152  tasks.o(i.vTaskSwitchContext)
    xPortStartScheduler                      0x08003bad   Thumb Code   206  port.o(i.xPortStartScheduler)
    xPortSysTickHandler                      0x08003c95   Thumb Code    52  port.o(i.xPortSysTickHandler)
    xTaskGenericCreate                       0x08003ccd   Thumb Code   346  tasks.o(i.xTaskGenericCreate)
    xTaskIncrementTick                       0x08003e45   Thumb Code   290  tasks.o(i.xTaskIncrementTick)
    xTaskResumeAll                           0x08003f95   Thumb Code   228  tasks.o(i.xTaskResumeAll)
    _fp_init                                 0x0800409d   Thumb Code    10  fpinit.o(x$fpl$fpinit)
    __fplib_config_fpu_vfp                   0x080040a5   Thumb Code     0  fpinit.o(x$fpl$fpinit)
    __fplib_config_pureend_doubles           0x080040a5   Thumb Code     0  fpinit.o(x$fpl$fpinit)
    Font24_Table                             0x080040a6   Data        6840  stm32746g_discovery_lcd.o(.constdata)
    Font20_Table                             0x08005b5e   Data        3800  stm32746g_discovery_lcd.o(.constdata)
    Font16_Table                             0x08006a36   Data        3040  stm32746g_discovery_lcd.o(.constdata)
    Font12_Table                             0x08007616   Data        1140  stm32746g_discovery_lcd.o(.constdata)
    Font8_Table                              0x08007a8a   Data         760  stm32746g_discovery_lcd.o(.constdata)
    APBAHBPrescTable                         0x08007d82   Data          16  stm32f7xx_hal_rcc.o(.constdata)
    Region$$Table$$Base                      0x08007d9c   Number         0  anon$$obj.o(Region$$Table)
    Region$$Table$$Limit                     0x08007dcc   Number         0  anon$$obj.o(Region$$Table)
    SystemCoreClock                          0x20010000   Data           4  system_stm32f7xx.o(.data)
    AHBPrescTable                            0x20010004   Data          16  system_stm32f7xx.o(.data)
    pxCurrentTCB                             0x20010014   Data           4  tasks.o(.data)
    Font24                                   0x20010070   Data           8  stm32746g_discovery_lcd.o(.data)
    Font20                                   0x20010078   Data           8  stm32746g_discovery_lcd.o(.data)
    Font16                                   0x20010080   Data           8  stm32746g_discovery_lcd.o(.data)
    Font12                                   0x20010088   Data           8  stm32746g_discovery_lcd.o(.data)
    Font8                                    0x20010090   Data           8  stm32746g_discovery_lcd.o(.data)
    __libspace_start                         0x2001043c   Data          96  libspace.o(.bss)
    __temporary_stack_top$libspace           0x2001049c   Data           0  libspace.o(.bss)



==============================================================================

Memory Map of the image

  Image Entry point : 0x080001c9

  Load Region LR_IROM1 (Base: 0x08000000, Size: 0x00017e70, Max: 0x00100000, ABSOLUTE, COMPRESSED[0x00008078])

    Execution Region ER_IROM1 (Base: 0x08000000, Size: 0x00007dcc, Max: 0x00100000, ABSOLUTE)

    Base Addr    Size         Type   Attr      Idx    E Section Name        Object

    0x08000000   0x000001c8   Data   RO          380    RESET               startup_stm32f746xx.o
    0x080001c8   0x00000008   Code   RO        10452  * !!!main             c_w.l(__main.o)
    0x080001d0   0x00000034   Code   RO        10620    !!!scatter          c_w.l(__scatter.o)
    0x08000204   0x0000003a   Code   RO        10618    !!dczerorl          c_w.l(__dczerorl.o)
    0x0800023e   0x00000002   PAD
    0x08000240   0x0000001a   Code   RO        10622    !!handler_copy      c_w.l(__scatter_copy.o)
    0x0800025a   0x00000002   PAD
    0x0800025c   0x0000001c   Code   RO        10624    !!handler_zi        c_w.l(__scatter_zi.o)
    0x08000278   0x00000002   Code   RO        10489    .ARM.Collect$$libinit$$00000000  c_w.l(libinit.o)
    0x0800027a   0x00000004   Code   RO        10501    .ARM.Collect$$libinit$$00000001  c_w.l(libinit2.o)
    0x0800027e   0x00000000   Code   RO        10504    .ARM.Collect$$libinit$$00000004  c_w.l(libinit2.o)
    0x0800027e   0x00000000   Code   RO        10507    .ARM.Collect$$libinit$$0000000A  c_w.l(libinit2.o)
    0x0800027e   0x00000000   Code   RO        10509    .ARM.Collect$$libinit$$0000000C  c_w.l(libinit2.o)
    0x0800027e   0x00000000   Code   RO        10511    .ARM.Collect$$libinit$$0000000E  c_w.l(libinit2.o)
    0x0800027e   0x00000000   Code   RO        10514    .ARM.Collect$$libinit$$00000011  c_w.l(libinit2.o)
    0x0800027e   0x00000000   Code   RO        10516    .ARM.Collect$$libinit$$00000013  c_w.l(libinit2.o)
    0x0800027e   0x00000000   Code   RO        10518    .ARM.Collect$$libinit$$00000015  c_w.l(libinit2.o)
    0x0800027e   0x00000000   Code   RO        10520    .ARM.Collect$$libinit$$00000017  c_w.l(libinit2.o)
    0x0800027e   0x00000000   Code   RO        10522    .ARM.Collect$$libinit$$00000019  c_w.l(libinit2.o)
    0x0800027e   0x00000000   Code   RO        10524    .ARM.Collect$$libinit$$0000001B  c_w.l(libinit2.o)
    0x0800027e   0x00000000   Code   RO        10526    .ARM.Collect$$libinit$$0000001D  c_w.l(libinit2.o)
    0x0800027e   0x00000000   Code   RO        10528    .ARM.Collect$$libinit$$0000001F  c_w.l(libinit2.o)
    0x0800027e   0x00000000   Code   RO        10530    .ARM.Collect$$libinit$$00000021  c_w.l(libinit2.o)
    0x0800027e   0x00000000   Code   RO        10532    .ARM.Collect$$libinit$$00000023  c_w.l(libinit2.o)
    0x0800027e   0x00000000   Code   RO        10534    .ARM.Collect$$libinit$$00000025  c_w.l(libinit2.o)
    0x0800027e   0x00000000   Code   RO        10538    .ARM.Collect$$libinit$$0000002C  c_w.l(libinit2.o)
    0x0800027e   0x00000000   Code   RO        10540    .ARM.Collect$$libinit$$0000002E  c_w.l(libinit2.o)
    0x0800027e   0x00000000   Code   RO        10542    .ARM.Collect$$libinit$$00000030  c_w.l(libinit2.o)
    0x0800027e   0x00000000   Code   RO        10544    .ARM.Collect$$libinit$$00000032  c_w.l(libinit2.o)
    0x0800027e   0x00000002   Code   RO        10545    .ARM.Collect$$libinit$$00000033  c_w.l(libinit2.o)
    0x08000280   0x00000002   Code   RO        10576    .ARM.Collect$$libshutdown$$00000000  c_w.l(libshutdown.o)
    0x08000282   0x00000000   Code   RO        10603    .ARM.Collect$$libshutdown$$00000003  c_w.l(libshutdown2.o)
    0x08000282   0x00000000   Code   RO        10606    .ARM.Collect$$libshutdown$$00000006  c_w.l(libshutdown2.o)
    0x08000282   0x00000000   Code   RO        10609    .ARM.Collect$$libshutdown$$00000009  c_w.l(libshutdown2.o)
    0x08000282   0x00000000   Code   RO        10611    .ARM.Collect$$libshutdown$$0000000B  c_w.l(libshutdown2.o)
    0x08000282   0x00000000   Code   RO        10614    .ARM.Collect$$libshutdown$$0000000E  c_w.l(libshutdown2.o)
    0x08000282   0x00000002   Code   RO        10615    .ARM.Collect$$libshutdown$$0000000F  c_w.l(libshutdown2.o)
    0x08000284   0x00000000   Code   RO        10454    .ARM.Collect$$rtentry$$00000000  c_w.l(__rtentry.o)
    0x08000284   0x00000000   Code   RO        10460    .ARM.Collect$$rtentry$$00000002  c_w.l(__rtentry2.o)
    0x08000284   0x00000006   Code   RO        10472    .ARM.Collect$$rtentry$$00000004  c_w.l(__rtentry4.o)
    0x0800028a   0x00000000   Code   RO        10462    .ARM.Collect$$rtentry$$00000009  c_w.l(__rtentry2.o)
    0x0800028a   0x00000004   Code   RO        10463    .ARM.Collect$$rtentry$$0000000A  c_w.l(__rtentry2.o)
    0x0800028e   0x00000000   Code   RO        10465    .ARM.Collect$$rtentry$$0000000C  c_w.l(__rtentry2.o)
    0x0800028e   0x00000008   Code   RO        10466    .ARM.Collect$$rtentry$$0000000D  c_w.l(__rtentry2.o)
    0x08000296   0x00000002   Code   RO        10493    .ARM.Collect$$rtexit$$00000000  c_w.l(rtexit.o)
    0x08000298   0x00000000   Code   RO        10549    .ARM.Collect$$rtexit$$00000002  c_w.l(rtexit2.o)
    0x08000298   0x00000004   Code   RO        10550    .ARM.Collect$$rtexit$$00000003  c_w.l(rtexit2.o)
    0x0800029c   0x00000006   Code   RO        10551    .ARM.Collect$$rtexit$$00000004  c_w.l(rtexit2.o)
    0x080002a2   0x00000002   PAD
    0x080002a4   0x000000ba   Code   RO         1132    .emb_text           port.o
    0x0800035e   0x00000002   PAD
    0x08000360   0x00000040   Code   RO          381    .text               startup_stm32f746xx.o
    0x080003a0   0x00000064   Code   RO        10446    .text               c_w.l(rt_memcpy_w.o)
    0x08000404   0x00000006   Code   RO        10450    .text               c_w.l(heapauxi.o)
    0x0800040a   0x0000004a   Code   RO        10476    .text               c_w.l(sys_stackheap_outer.o)
    0x08000454   0x0000000c   Code   RO        10478    .text               c_w.l(exit.o)
    0x08000460   0x00000008   Code   RO        10490    .text               c_w.l(libspace.o)
    0x08000468   0x0000000c   Code   RO        10546    .text               c_w.l(sys_exit.o)
    0x08000474   0x00000002   Code   RO        10565    .text               c_w.l(use_no_semi.o)
    0x08000476   0x00000000   Code   RO        10567    .text               c_w.l(indicate_semi.o)
    0x08000476   0x00000002   PAD
    0x08000478   0x00000040   Code   RO         1200    i.BSP_LCD_Clear     stm32746g_discovery_lcd.o
    0x080004b8   0x0000002c   Code   RO         1202    i.BSP_LCD_ClockConfig  stm32746g_discovery_lcd.o
    0x080004e4   0x00000068   Code   RO         1204    i.BSP_LCD_DisplayChar  stm32746g_discovery_lcd.o
    0x0800054c   0x00000128   Code   RO         1207    i.BSP_LCD_DisplayStringAt  stm32746g_discovery_lcd.o
    0x08000674   0x0000006c   Code   RO         1214    i.BSP_LCD_DrawPixel  stm32746g_discovery_lcd.o
    0x080006e0   0x00000020   Code   RO         1225    i.BSP_LCD_GetXSize  stm32746g_discovery_lcd.o
    0x08000700   0x00000020   Code   RO         1226    i.BSP_LCD_GetYSize  stm32746g_discovery_lcd.o
    0x08000720   0x000000b0   Code   RO         1227    i.BSP_LCD_Init      stm32746g_discovery_lcd.o
    0x080007d0   0x00000090   Code   RO         1228    i.BSP_LCD_LayerDefaultInit  stm32746g_discovery_lcd.o
    0x08000860   0x000001d0   Code   RO         1231    i.BSP_LCD_MspInit   stm32746g_discovery_lcd.o
    0x08000a30   0x0000000c   Code   RO         1234    i.BSP_LCD_SelectLayer  stm32746g_discovery_lcd.o
    0x08000a3c   0x0000001c   Code   RO         1235    i.BSP_LCD_SetBackColor  stm32746g_discovery_lcd.o
    0x08000a58   0x0000001c   Code   RO         1237    i.BSP_LCD_SetFont   stm32746g_discovery_lcd.o
    0x08000a74   0x00000018   Code   RO         1241    i.BSP_LCD_SetTextColor  stm32746g_discovery_lcd.o
    0x08000a8c   0x0000008c   Code   RO         1757    i.BSP_SDRAM_Init    stm32746g_discovery_sdram.o
    0x08000b18   0x00000098   Code   RO         1758    i.BSP_SDRAM_Initialization_sequence  stm32746g_discovery_sdram.o
    0x08000bb0   0x000001e8   Code   RO         1760    i.BSP_SDRAM_MspInit  stm32746g_discovery_sdram.o
    0x08000d98   0x00000004   Code   RO          388    i.BusFault_Handler  stm32f7xx_it.o
    0x08000d9c   0x00000038   Code   RO            4    i.CPU_CACHE_Enable  main.o
    0x08000dd4   0x000000e6   Code   RO         4166    i.DMA2D_SetConfig   stm32f7xx_hal_dma2d.o
    0x08000eba   0x00000002   PAD
    0x08000ebc   0x00000034   Code   RO         3133    i.DMA_CalcBaseAndBitshift  stm32f7xx_hal_dma.o
    0x08000ef0   0x00000002   Code   RO          389    i.DebugMon_Handler  stm32f7xx_it.o
    0x08000ef2   0x00000002   PAD
    0x08000ef4   0x00000104   Code   RO         1245    i.DrawChar          stm32746g_discovery_lcd.o
    0x08000ff8   0x00000074   Code   RO         9924    i.FMC_SDRAM_Init    stm32f7xx_ll_fmc.o
    0x0800106c   0x0000000e   Code   RO         9925    i.FMC_SDRAM_ProgramRefreshRate  stm32f7xx_ll_fmc.o
    0x0800107a   0x00000052   Code   RO         9926    i.FMC_SDRAM_SendCommand  stm32f7xx_ll_fmc.o
    0x080010cc   0x00000098   Code   RO         9928    i.FMC_SDRAM_Timing_Init  stm32f7xx_ll_fmc.o
    0x08001164   0x0000011c   Code   RO         4171    i.HAL_DMA2D_ConfigLayer  stm32f7xx_hal_dma2d.o
    0x08001280   0x00000062   Code   RO         4178    i.HAL_DMA2D_Init    stm32f7xx_hal_dma2d.o
    0x080012e2   0x00000002   Code   RO         4180    i.HAL_DMA2D_MspInit  stm32f7xx_hal_dma2d.o
    0x080012e4   0x00000106   Code   RO         4181    i.HAL_DMA2D_PollForTransfer  stm32f7xx_hal_dma2d.o
    0x080013ea   0x0000005a   Code   RO         4184    i.HAL_DMA2D_Start   stm32f7xx_hal_dma2d.o
    0x08001444   0x00000064   Code   RO         3136    i.HAL_DMA_DeInit    stm32f7xx_hal_dma.o
    0x080014a8   0x00000084   Code   RO         3140    i.HAL_DMA_Init      stm32f7xx_hal_dma.o
    0x0800152c   0x0000001a   Code   RO         1849    i.HAL_Delay         stm32f7xx_hal.o
    0x08001546   0x00000002   PAD
    0x08001548   0x0000021c   Code   RO         3219    i.HAL_GPIO_Init     stm32f7xx_hal_gpio.o
    0x08001764   0x0000000c   Code   RO         3223    i.HAL_GPIO_WritePin  stm32f7xx_hal_gpio.o
    0x08001770   0x0000000c   Code   RO         1857    i.HAL_GetTick       stm32f7xx_hal.o
    0x0800177c   0x00000010   Code   RO         1858    i.HAL_IncTick       stm32f7xx_hal.o
    0x0800178c   0x00000028   Code   RO         1859    i.HAL_Init          stm32f7xx_hal.o
    0x080017b4   0x00000024   Code   RO         1860    i.HAL_InitTick      stm32f7xx_hal.o
    0x080017d8   0x0000005e   Code   RO         5625    i.HAL_LTDC_ConfigLayer  stm32f7xx_hal_ltdc.o
    0x08001836   0x00000008   Code   RO         5635    i.HAL_LTDC_GetState  stm32f7xx_hal_ltdc.o
    0x0800183e   0x00000002   PAD
    0x08001840   0x00000128   Code   RO         5637    i.HAL_LTDC_Init     stm32f7xx_hal_ltdc.o
    0x08001968   0x00000002   Code   RO         5640    i.HAL_LTDC_MspInit  stm32f7xx_hal_ltdc.o
    0x0800196a   0x00000002   Code   RO          348    i.HAL_MspInit       stm32f7xx_hal_msp.o
    0x0800196c   0x0000001a   Code   RO         2967    i.HAL_NVIC_EnableIRQ  stm32f7xx_hal_cortex.o
    0x08001986   0x0000007c   Code   RO         2973    i.HAL_NVIC_SetPriority  stm32f7xx_hal_cortex.o
    0x08001a02   0x00000002   PAD
    0x08001a04   0x00000028   Code   RO         2974    i.HAL_NVIC_SetPriorityGrouping  stm32f7xx_hal_cortex.o
    0x08001a2c   0x00000918   Code   RO         6660    i.HAL_RCCEx_PeriphCLKConfig  stm32f7xx_hal_rcc_ex.o
    0x08002344   0x00000268   Code   RO         2001    i.HAL_RCC_ClockConfig  stm32f7xx_hal_rcc.o
    0x080025ac   0x00000038   Code   RO         2006    i.HAL_RCC_GetHCLKFreq  stm32f7xx_hal_rcc.o
    0x080025e4   0x000000b4   Code   RO         2010    i.HAL_RCC_GetSysClockFreq  stm32f7xx_hal_rcc.o
    0x08002698   0x00000554   Code   RO         2013    i.HAL_RCC_OscConfig  stm32f7xx_hal_rcc.o
    0x08002bec   0x00000040   Code   RO         7732    i.HAL_SDRAM_Init    stm32f7xx_hal_sdram.o
    0x08002c2c   0x00000002   Code   RO         7734    i.HAL_SDRAM_MspInit  stm32f7xx_hal_sdram.o
    0x08002c2e   0x00000028   Code   RO         7735    i.HAL_SDRAM_ProgramRefreshRate  stm32f7xx_hal_sdram.o
    0x08002c56   0x0000003a   Code   RO         7741    i.HAL_SDRAM_SendCommand  stm32f7xx_hal_sdram.o
    0x08002c90   0x00000034   Code   RO         2978    i.HAL_SYSTICK_Config  stm32f7xx_hal_cortex.o
    0x08002cc4   0x00000004   Code   RO          390    i.HardFault_Handler  stm32f7xx_it.o
    0x08002cc8   0x00000088   Code   RO         1248    i.LL_FillBuffer     stm32746g_discovery_lcd.o
    0x08002d50   0x00000212   Code   RO         5647    i.LTDC_SetConfig    stm32f7xx_hal_ltdc.o
    0x08002f62   0x00000004   Code   RO          391    i.MemManage_Handler  stm32f7xx_it.o
    0x08002f66   0x00000002   Code   RO          392    i.NMI_Handler       stm32f7xx_it.o
    0x08002f68   0x00000010   Code   RO         2980    i.NVIC_GetPriorityGrouping  stm32f7xx_hal_cortex.o
    0x08002f78   0x00000028   Code   RO         2981    i.NVIC_SetPriority  stm32f7xx_hal_cortex.o
    0x08002fa0   0x0000006c   Code   RO            5    i.SCB_EnableDCache  main.o
    0x0800300c   0x0000000c   Code   RO          393    i.SysTick_Handler   stm32f7xx_it.o
    0x08003018   0x00000054   Code   RO            6    i.SystemClock_Config  main.o
    0x0800306c   0x00000064   Code   RO          452    i.SystemInit        system_stm32f7xx.o
    0x080030d0   0x0000004c   Code   RO            7    i.Task_INIT         main.o
    0x0800311c   0x00000084   Code   RO            8    i.Task_LCD          main.o
    0x080031a0   0x00000064   Code   RO            9    i.Task_LED          main.o
    0x08003204   0x00000004   Code   RO          394    i.UsageFault_Handler  stm32f7xx_it.o
    0x08003208   0x0000003c   Code   RO           10    i.main              main.o
    0x08003244   0x00000054   Code   RO          788    i.prvAddCurrentTaskToDelayedList  tasks.o
    0x08003298   0x00000036   Code   RO          789    i.prvAllocateTCBAndStack  tasks.o
    0x080032ce   0x00000002   PAD
    0x080032d0   0x00000064   Code   RO          790    i.prvCheckTasksWaitingTermination  tasks.o
    0x08003334   0x00000012   Code   RO          791    i.prvDeleteTCB      tasks.o
    0x08003346   0x00000002   PAD
    0x08003348   0x0000007c   Code   RO         1074    i.prvHeapInit       heap_4.o
    0x080033c4   0x0000002c   Code   RO          792    i.prvIdleTask       tasks.o
    0x080033f0   0x00000062   Code   RO          793    i.prvInitialiseTCBVariables  tasks.o
    0x08003452   0x00000002   PAD
    0x08003454   0x00000068   Code   RO          794    i.prvInitialiseTaskLists  tasks.o
    0x080034bc   0x00000068   Code   RO         1075    i.prvInsertBlockIntoFreeList  heap_4.o
    0x08003524   0x00000034   Code   RO          795    i.prvResetNextTaskUnblockTime  tasks.o
    0x08003558   0x00000048   Code   RO         1133    i.prvTaskExitError  port.o
    0x080035a0   0x00000148   Code   RO         1076    i.pvPortMalloc      heap_4.o
    0x080036e8   0x00000028   Code   RO         1134    i.pxPortInitialiseStack  port.o
    0x08003710   0x00000028   Code   RO          592    i.uxListRemove      list.o
    0x08003738   0x00000002   Code   RO           11    i.vApplicationIdleHook  main.o
    0x0800373a   0x00000004   Code   RO           12    i.vApplicationStackOverflowHook  main.o
    0x0800373e   0x0000001a   Code   RO          593    i.vListInitialise   list.o
    0x08003758   0x00000006   Code   RO          594    i.vListInitialiseItem  list.o
    0x0800375e   0x00000034   Code   RO          595    i.vListInsert       list.o
    0x08003792   0x00000018   Code   RO          596    i.vListInsertEnd    list.o
    0x080037aa   0x00000002   PAD
    0x080037ac   0x0000005c   Code   RO         1136    i.vPortEnterCritical  port.o
    0x08003808   0x00000040   Code   RO         1137    i.vPortExitCritical  port.o
    0x08003848   0x0000009c   Code   RO         1077    i.vPortFree         heap_4.o
    0x080038e4   0x00000020   Code   RO         1138    i.vPortSetupTimerInterrupt  port.o
    0x08003904   0x00000090   Code   RO          803    i.vTaskDelay        tasks.o
    0x08003994   0x000000e4   Code   RO          805    i.vTaskDelete       tasks.o
    0x08003a78   0x00000078   Code   RO          815    i.vTaskStartScheduler  tasks.o
    0x08003af0   0x00000010   Code   RO          817    i.vTaskSuspendAll   tasks.o
    0x08003b00   0x000000ac   Code   RO          818    i.vTaskSwitchContext  tasks.o
    0x08003bac   0x000000e8   Code   RO         1140    i.xPortStartScheduler  port.o
    0x08003c94   0x00000038   Code   RO         1141    i.xPortSysTickHandler  port.o
    0x08003ccc   0x00000178   Code   RO          820    i.xTaskGenericCreate  tasks.o
    0x08003e44   0x00000150   Code   RO          826    i.xTaskIncrementTick  tasks.o
    0x08003f94   0x00000108   Code   RO          832    i.xTaskResumeAll    tasks.o
    0x0800409c   0x0000000a   Code   RO        10561    x$fpl$fpinit        fz_wm.l(fpinit.o)
    0x080040a6   0x00003cdc   Data   RO         1250    .constdata          stm32746g_discovery_lcd.o
    0x08007d82   0x00000010   Data   RO         2014    .constdata          stm32f7xx_hal_rcc.o
    0x08007d92   0x00000008   Data   RO         3144    .constdata          stm32f7xx_hal_dma.o
    0x08007d9a   0x00000002   PAD
    0x08007d9c   0x00000030   Data   RO        10616    Region$$Table       anon$$obj.o


    Execution Region ER_IRAM2 (Base: 0x20000000, Size: 0x00010000, Max: 0x00010000, ABSOLUTE, COMPRESSED[0x00000208])

    Base Addr    Size         Type   Attr      Idx    E Section Name        Object

    0x20000000   0x00010000   Data   RW         1081    .ccm                heap_4.o


    Execution Region RW_IRAM1 (Base: 0x20010000, Size: 0x00000aa0, Max: 0x00040000, ABSOLUTE)

    Base Addr    Size         Type   Attr      Idx    E Section Name        Object

    0x20010000   0x00000014   Data   RW          453    .data               system_stm32f7xx.o
    0x20010014   0x00000038   Data   RW          835    .data               tasks.o
    0x2001004c   0x00000018   Data   RW         1082    .data               heap_4.o
    0x20010064   0x0000000c   Data   RW         1142    .data               port.o
    0x20010070   0x0000002c   Data   RW         1251    .data               stm32746g_discovery_lcd.o
    0x2001009c   0x00000002   Data   RW         1767    .data               stm32746g_discovery_sdram.o
    0x2001009e   0x00000002   PAD
    0x200100a0   0x00000004   Data   RW         1865    .data               stm32f7xx_hal.o
    0x200100a4   0x00000104   Zero   RW          834    .bss                tasks.o
    0x200101a8   0x00000184   Zero   RW         1249    .bss                stm32746g_discovery_lcd.o
    0x2001032c   0x00000110   Zero   RW         1766    .bss                stm32746g_discovery_sdram.o
    0x2001043c   0x00000060   Zero   RW        10491    .bss                c_w.l(libspace.o)
    0x2001049c   0x00000004   PAD
    0x200104a0   0x00000200   Zero   RW          379    HEAP                startup_stm32f746xx.o
    0x200106a0   0x00000400   Zero   RW          378    STACK               startup_stm32f746xx.o


==============================================================================

Image component sizes


      Code (inc. data)   RO Data    RW Data    ZI Data      Debug   Object Name

         0          0          0          0          0       9224   event_groups.o
       712         62          0      65560          0       6863   heap_4.o
       148          0          0          0          0       3230   list.o
       622        104          0          0          0     485059   main.o
       774         74          0         12          0       7900   port.o
        64         26        456          0       1536        828   startup_stm32f746xx.o
      1952        178      15580         44        388      16962   stm32746g_discovery_lcd.o
       780         66          0          2        272       4226   stm32746g_discovery_sdram.o
       130         16          0          4          0       3626   stm32f7xx_hal.o
       298         22          0          0          0      35479   stm32f7xx_hal_cortex.o
       284         10          8          0          0       2572   stm32f7xx_hal_dma.o
       966          4          0          0          0       5463   stm32f7xx_hal_dma2d.o
       552         52          0          0          0       2344   stm32f7xx_hal_gpio.o
       930          6          0          0          0       3858   stm32f7xx_hal_ltdc.o
         2          0          0          0          0        458   stm32f7xx_hal_msp.o
      2216         48         16          0          0       4661   stm32f7xx_hal_rcc.o
      2328         26          0          0          0       2204   stm32f7xx_hal_rcc_ex.o
       164          0          0          0          0       3132   stm32f7xx_hal_sdram.o
        32          0          0          0          0       3255   stm32f7xx_it.o
       364          0          0          0          0       3356   stm32f7xx_ll_fmc.o
       100         18          0         20          0       1073   system_stm32f7xx.o
      2210        302          0         56        260      15082   tasks.o

    ----------------------------------------------------------------------
     15648       1014      16110      65700       2456     620855   Object Totals
         0          0         48          0          0          0   (incl. Generated)
        20          0          2          2          0          0   (incl. Padding)

    ----------------------------------------------------------------------

      Code (inc. data)   RO Data    RW Data    ZI Data      Debug   Library Member Name

        58          0          0          0          0          0   __dczerorl.o
         8          0          0          0          0         68   __main.o
         0          0          0          0          0          0   __rtentry.o
        12          0          0          0          0          0   __rtentry2.o
         6          0          0          0          0          0   __rtentry4.o
        52          8          0          0          0          0   __scatter.o
        26          0          0          0          0          0   __scatter_copy.o
        28          0          0          0          0          0   __scatter_zi.o
        12          0          0          0          0         72   exit.o
         6          0          0          0          0        152   heapauxi.o
         0          0          0          0          0          0   indicate_semi.o
         2          0          0          0          0          0   libinit.o
         6          0          0          0          0          0   libinit2.o
         2          0          0          0          0          0   libshutdown.o
         2          0          0          0          0          0   libshutdown2.o
         8          4          0          0         96         68   libspace.o
       100          0          0          0          0         80   rt_memcpy_w.o
         2          0          0          0          0          0   rtexit.o
        10          0          0          0          0          0   rtexit2.o
        12          4          0          0          0         68   sys_exit.o
        74          0          0          0          0         80   sys_stackheap_outer.o
         2          0          0          0          0         68   use_no_semi.o
        10          0          0          0          0        116   fpinit.o

    ----------------------------------------------------------------------
       446         16          0          0        100        772   Library Totals
         8          0          0          0          4          0   (incl. Padding)

    ----------------------------------------------------------------------

      Code (inc. data)   RO Data    RW Data    ZI Data      Debug   Library Name

       428         16          0          0         96        656   c_w.l
        10          0          0          0          0        116   fz_wm.l

    ----------------------------------------------------------------------
       446         16          0          0        100        772   Library Totals

    ----------------------------------------------------------------------

==============================================================================


      Code (inc. data)   RO Data    RW Data    ZI Data      Debug   

     16094       1030      16110      65700       2556     610987   Grand Totals
     16094       1030      16110        684       2556     610987   ELF Image Totals (compressed)
     16094       1030      16110        684          0          0   ROM Totals

==============================================================================

    Total RO  Size (Code + RO Data)                32204 (  31.45kB)
    Total RW  Size (RW Data + ZI Data)             68256 (  66.66kB)
    Total ROM Size (Code + RO Data + RW Data)      32888 (  32.12kB)

==============================================================================

